2026-06-24T15:14:56.897-0700 notice   [Polyrecorder] Polyrecorder started. appStart=22616.858089916666 modelIdentifier=MacBookPro18,3 operatingSystem=Version 26.3.1 (Build 25D2128) systemLaunch=2026-06-24 15:58:00 +0000 version=2.7.0
2026-06-24T15:14:56.897-0700 notice   [polyrecorder] Connect RecordKit logger to Polyrecorder logger rkLogLevel=debug
2026-06-24T15:14:56.897-0700 debug    [Polyrecorder] Accessing active displays
2026-06-24T15:14:56.965-0700 notice   [Polyrecorder] Active displays: [polyrecorder.DisplayDiscovery.Display(displayID: 1, bounds: polyrecorder.Bounds(x: 0.0, y: 0.0, width: 1512.0, height: 982.0), refreshRate: 120.0, isMain: true, isBuiltin: true), polyrecorder.DisplayDiscovery.Display(displayID: 2, bounds: polyrecorder.Bounds(x: -1030.0, y: -1440.0, width: 3440.0, height: 1440.0), refreshRate: 100.0, isMain: false, isBuiltin: false)]
2026-06-24T15:14:56.966-0700 notice   [Polyrecorder] Thermal state at startup. thermalState=nominal
2026-06-24T15:14:56.966-0700 debug    [Polyrecorder] Validating configuration.
2026-06-24T15:14:56.966-0700 notice   [Polyrecorder] Configuration validated: {
  "outputDirectory" : "\/Users\/prakhlin\/Library\/Application Support\/Screen Studio\/Screen Studio Recordings\/Area 2026-06-24 15:14:56",
  "channels" : [
    {
      "type" : "input",
      "captureKeyStrokes" : true
    },
    {
      "displayId" : 1,
      "excludeFinderDesktopIcons" : false,
      "cropRect" : {
        "height" : 642,
        "y" : 205,
        "yAxis" : "topBasedIncreasingDownwards",
        "x" : 289,
        "width" : 1174
      },
      "excludedWindowIds" : [
        3590,
        3591,
        3592,
        3593
      ],
      "type" : "display"
    }
  ],
  "logLevel" : "debug"
}
2026-06-24T15:14:56.966-0700 debug    [Polyrecorder] Creating output directory. url=file:///Users/prakhlin/Library/Application%20Support/Screen%20Studio/Screen%20Studio%20Recordings/Area%202026-06-24%2015:14:56
2026-06-24T15:14:56.966-0700 notice   [Polyrecorder] Created output directory. url=file:///Users/prakhlin/Library/Application%20Support/Screen%20Studio/Screen%20Studio%20Recordings/Area%202026-06-24%2015:14:56
2026-06-24T15:14:56.966-0700 debug    [Polyrecorder] Redirecting logs to file. url=file:///Users/prakhlin/Library/Application%20Support/Screen%20Studio/Screen%20Studio%20Recordings/Area%202026-06-24%2015:14:56/polyrecorder.log
2026-06-24T15:14:56.967-0700 notice   [Polyrecorder] Redirected logs to file. url=file:///Users/prakhlin/Library/Application%20Support/Screen%20Studio/Screen%20Studio%20Recordings/Area%202026-06-24%2015:14:56/polyrecorder.log
2026-06-24T15:14:56.967-0700 debug    [Polyrecorder] Attaching uncaught exception handler.
2026-06-24T15:14:56.967-0700 notice   [Polyrecorder] Attached uncaught exception handler.
2026-06-24T15:14:56.967-0700 debug    [Polyrecorder] Enabling DAL devices...
2026-06-24T15:14:57.008-0700 notice   [Polyrecorder] Enabled DAL devices.
2026-06-24T15:14:57.008-0700 debug    [Polyrecorder] Creating conductor with recorders. channels=2
2026-06-24T15:14:57.008-0700 debug    [CursorRecorder] Checking if cursor folder/files don't exist yet.
2026-06-24T15:14:57.011-0700 notice   [CursorRecorder] Checked cursor folder/files don't exist yet.
2026-06-24T15:14:57.011-0700 debug    [CursorRecorder] Creating display link. displayId=1
2026-06-24T15:14:57.022-0700 notice   [CursorRecorder] Created display link. displayId=1
2026-06-24T15:14:57.022-0700 debug    [InputRecorder] Checking input monitoring authorization status. id=channel-0-input
2026-06-24T15:14:57.041-0700 notice   [InputRecorder] Input monitoring is authorized. id=channel-0-input
2026-06-24T15:14:57.066-0700 debug    [DisplayRecorder: channel-1-display] Checking if displayID 1 is in Active Displays list id=channel-1-display
2026-06-24T15:14:57.071-0700 debug    [DisplayRecorder: channel-1-display] Creating DisplayRecorderOutput id=channel-1-display
2026-06-24T15:14:57.074-0700 notice   [DisplayRecorder: channel-1-display] Created DisplayRecorderOutput id=channel-1-display output=DisplayRecorderOutput(cropRect: Optional((289.0, 205.0, 1174.0, 642.0)), recordBounds: (289.0, 205.0, 1174.0, 642.0), displayScaleFactor: 2, displayRefreshRate: 120.0, minFrameDuration: CMTime(seconds:0.008333333333333333 timescale:120 value:1 flags:valid), recordingScale: 0.5, assetWriterSettings: polyrecorder.AssetWriterSettings(mediaType: __C.AVMediaType(_rawValue: vide), outputSettings: ["AVVideoWidthKey": 2348, "AVVideoHeightKey": 1284, "AVVideoCodecKey": avc1, "AVVideoEncoderSpecificationKey": {
    EnableHardwareAcceleratedVideoEncoder = 1;
}, "AVVideoCompressionPropertiesKey": {
    AllowFrameReordering = 1;
    AverageBitRate = 14313608;
    AverageNonDroppableFrameRate = 30;
    ExpectedFrameRate = 120;
    H264EntropyMode = CABAC;
    MaxKeyFrameInterval = 30;
    ProfileLevel = "H264_High_AutoLevel";
}, "AVVideoScalingModeKey": AVVideoScalingModeResizeAspect]))
2026-06-24T15:14:57.074-0700 debug    [polyrecorder] Set handler for frameRepeater id=channel-1-display
2026-06-24T15:14:57.074-0700 info     [Polyrecorder] Created conductor with recorders. channels=2 recorders=3
2026-06-24T15:14:57.074-0700 debug    [Polyrecorder] Attaching recorder abortion handler.
2026-06-24T15:14:57.074-0700 notice   [Polyrecorder] Attached recorder abortion handler.
2026-06-24T15:14:57.074-0700 debug    [Polyrecorder] Installing signal handlers on process 17129.
2026-06-24T15:14:57.074-0700 notice   [Polyrecorder] Installed signal handlers on process 17129.
2026-06-24T15:14:57.074-0700 notice   [Polyrecorder] Setup finished.
2026-06-24T15:14:57.074-0700 debug    [Conductor] Starting recording.
2026-06-24T15:14:57.074-0700 debug    [Conductor] Starting latency critical activity.
2026-06-24T15:14:57.075-0700 notice   [Conductor] Started latency critical activity.
2026-06-24T15:14:57.075-0700 debug    [Conductor] Setting up all recorders. recorders=3
2026-06-24T15:14:57.075-0700 debug    [CursorRecorder] Creating cursor image directory. id=channel-0-cursor url=file:///Users/prakhlin/Library/Application%20Support/Screen%20Studio/Screen%20Studio%20Recordings/Area%202026-06-24%2015:14:56/cursors/
2026-06-24T15:14:57.075-0700 debug    [InputRecorder] Starting event monitor. id=channel-0-input
2026-06-24T15:14:57.075-0700 debug    [DisplayRecorder: channel-1-display] Accessing ShareableContent id=channel-1-display
2026-06-24T15:14:57.075-0700 info     [InputRecorder] Event monitor started. id=channel-0-input
2026-06-24T15:14:57.075-0700 notice   [InputRecorder] Setup complete id=channel-0-input
2026-06-24T15:14:57.076-0700 notice   [CursorRecorder] Created cursor image directory. id=channel-0-cursor url=file:///Users/prakhlin/Library/Application%20Support/Screen%20Studio/Screen%20Studio%20Recordings/Area%202026-06-24%2015:14:56/cursors/
2026-06-24T15:14:57.203-0700 notice   [DisplayRecorder: channel-1-display] Received ShareableContent attempt=1 id=channel-1-display restarted=false
2026-06-24T15:14:57.203-0700 debug    [DisplayRecorder: channel-1-display] Creating SCContentFilter from configuration id=channel-1-display
2026-06-24T15:14:57.204-0700 debug    [DisplayRecorder: channel-1-display] Creating SCStream id=channel-1-display streamConfig=SCStreamConfiguration sourceRect:(289.0, 205.0, 1174.0, 642.0) width:2348 height:1284 queueDepth:8
2026-06-24T15:14:57.291-0700 debug    [CursorRecorder] Preloading system cursors. cursors=49 id=channel-0-cursor
2026-06-24T15:14:57.292-0700 notice   [CursorRecorder] Preloaded system cursors. dropped=dropped: (public)columnResize > existing: (public)resizeLeftRight, dropped: (public)rowResize > existing: (public)resizeUpDown, dropped: (private)closedHand > existing: (public)closedHand, dropped: (private)crosshair > existing: (public)crosshair, dropped: (private)genericDrag > existing: (public)arrow, dropped: (private)hand > existing: (public)openHand, dropped: (private)horizontalResize > existing: (public)resizeLeftRight, dropped: (private)overrideHelp > existing: (private)help, dropped: (private)verticalResize > existing: (public)resizeUpDown, dropped: (private)zoomIn > existing: (public)zoomIn, dropped: (private)zoomOut > existing: (public)zoomOut id=channel-0-cursor
2026-06-24T15:14:57.292-0700 debug    [CursorRecorder] Writing preloaded cursors information to disk. count=38 id=channel-0-cursor
2026-06-24T15:14:57.329-0700 notice   [CursorRecorder] Cursor information written to disk. count=38 id=channel-0-cursor
2026-06-24T15:14:57.329-0700 debug    [CursorRecorder] Configuring display link output handler. errorRateLimit=10.0 id=channel-0-cursor
2026-06-24T15:14:57.329-0700 info     [CursorRecorder] Display link output handler configured. errorRateLimit=10.0 id=channel-0-cursor
2026-06-24T15:14:57.329-0700 debug    [CursorRecorder] Setting current display on display link. displayId=1 id=channel-0-cursor
2026-06-24T15:14:57.329-0700 info     [CursorRecorder] Current display on display link set. displayId=1 id=channel-0-cursor
2026-06-24T15:14:57.329-0700 debug    [CursorRecorder] Starting display link. displayId=1 id=channel-0-cursor
2026-06-24T15:14:57.329-0700 notice   [CursorRecorder] Started display link. displayId=1 id=channel-0-cursor
2026-06-24T15:14:57.329-0700 notice   [CursorRecorder] Setup complete id=channel-0-cursor
2026-06-24T15:14:57.339-0700 notice   [DisplayRecorder: channel-1-display] Created SCStream id=channel-1-display
2026-06-24T15:14:57.339-0700 debug    [DisplayRecorder: channel-1-display] Add StreamOutput to capture screen content id=channel-1-display
2026-06-24T15:14:57.339-0700 debug    [DisplayRecorder: channel-1-display] Enable verbose SCK logging id=channel-1-display
2026-06-24T15:14:57.339-0700 debug    [DisplayRecorder: channel-1-display] Start stream capture id=channel-1-display
2026-06-24T15:14:57.343-0700 notice   [CursorRecorder] Refresh rate of current display changed. currentDisplay=1 id=channel-0-cursor refreshRate=120 FPS
2026-06-24T15:14:57.421-0700 notice   [DisplayRecorder: channel-1-display] Started stream capture id=channel-1-display
2026-06-24T15:14:57.421-0700 debug    [DisplayRecorder: channel-1-display] Waiting for ring buffer to have a frame id=channel-1-display
2026-06-24T15:14:57.438-0700 debug    [StreamCoordinator: channel-1-display] Stream did output sample buffer id=channel-1-display isValid=true
2026-06-24T15:14:57.438-0700 debug    [DisplayRecorder: channel-1-display] Checking delta of presentation time stamp to host time clock. framePTS=22617.390585625 hostTime=22617.407800583 id=channel-1-display
2026-06-24T15:14:57.438-0700 notice   [DisplayRecorder: channel-1-display] Trivial delta between presentation time stamp to host time clock, will trust frame PTS. framePTS=22617.390585625 hostTime=22617.407800583 hostTimeDelta=0.017214958 id=channel-1-display
2026-06-24T15:14:57.438-0700 notice   [DisplayRecorder: channel-1-display] Ring buffer has a frame id=channel-1-display
2026-06-24T15:14:57.438-0700 debug    [DisplayRecorder: channel-1-display] Disable verbose SCK logging id=channel-1-display
2026-06-24T15:14:57.438-0700 notice   [DisplayRecorder: channel-1-display] Setup complete id=channel-1-display
2026-06-24T15:14:57.438-0700 notice   [Conductor] Did setup all recorders. recorders=3
2026-06-24T15:14:57.439-0700 debug    [Conductor] Calling prepare on all recorders for session. recorders=3
2026-06-24T15:14:57.439-0700 debug    [DisplayRecorder: channel-1-display] Creating SessionWriter id=channel-1-display
2026-06-24T15:14:57.439-0700 notice   [InputRecorder] Preparing session. id=channel-0-input sessions=0
2026-06-24T15:14:57.439-0700 debug    [SessionWriter: channel-1-display-0] Creating AVAssetWriter id=channel-1-display
2026-06-24T15:14:57.439-0700 notice   [SessionWriter: channel-1-display-0] Created AVAssetWriter id=channel-1-display
2026-06-24T15:14:57.439-0700 debug    [SessionWriter: channel-1-display-0] Add AVAssetWriter.error observation id=channel-1-display
2026-06-24T15:14:57.439-0700 notice   [SessionWriter: channel-1-display-0] Added AVAssetWriter.error observation id=channel-1-display
2026-06-24T15:14:57.439-0700 debug    [SessionWriter: channel-1-display-0] Creating AVAssetWriterInput id=channel-1-display mediaType=AVMediaType(_rawValue: vide) outputSettings=["AVVideoWidthKey": 2348, "AVVideoHeightKey": 1284, "AVVideoCodecKey": avc1, "AVVideoEncoderSpecificationKey": {
    EnableHardwareAcceleratedVideoEncoder = 1;
}, "AVVideoCompressionPropertiesKey": {
    AllowFrameReordering = 1;
    AverageBitRate = 14313608;
    AverageNonDroppableFrameRate = 30;
    ExpectedFrameRate = 120;
    H264EntropyMode = CABAC;
    MaxKeyFrameInterval = 30;
    ProfileLevel = "H264_High_AutoLevel";
}, "AVVideoScalingModeKey": AVVideoScalingModeResizeAspect]
2026-06-24T15:14:57.445-0700 notice   [InputRecorder] Prepared session. id=channel-0-input sessions=1
2026-06-24T15:14:57.565-0700 debug    [SessionWriter: channel-1-display-0] Adding AVAssetWriterInput to AVAssetWriter. id=channel-1-display
2026-06-24T15:14:57.565-0700 notice   [SessionWriter: channel-1-display-0] Added AVAssetWriterInput to AVAssetWriter id=channel-1-display
2026-06-24T15:14:57.605-0700 debug    [DisplayRecorder: channel-1-display] Processing initial samples from buffer. bufferCount=3 id=channel-1-display
2026-06-24T15:14:57.605-0700 notice   [DisplayRecorder: channel-1-display] Processed initial samples from buffer. bufferCount=3 id=channel-1-display
2026-06-24T15:14:57.605-0700 notice   [DisplayRecorder: channel-1-display] Created SessionWriter id=channel-1-display
2026-06-24T15:14:57.605-0700 notice   [Conductor] Called prepare recorders for session. recorders=3
2026-06-24T15:14:57.605-0700 debug    [Conductor] Broadcasting over stdout that all recorders are prepared. recorders=3
2026-06-24T15:14:57.605-0700 notice   [Conductor] Broadcasted over stdout that all recorders are prepared. recorders=3
2026-06-24T15:14:57.606-0700 notice   [SignalHandler] Received SIGCONT.
2026-06-24T15:14:57.607-0700 debug    [Conductor] Resuming recording.
2026-06-24T15:14:57.607-0700 notice   [Conductor] Recording resumed. recordFrom=22617.576052708333
2026-06-24T15:14:57.607-0700 debug    [Conductor] Start async updates for recording.
2026-06-24T15:14:57.607-0700 notice   [Conductor] Started async updates for recording.
2026-06-24T15:14:57.607-0700 debug    [Conductor] Update metadata file.
2026-06-24T15:14:57.607-0700 debug    [polyrecorder] Metadata file updated.
2026-06-24T15:14:57.608-0700 notice   [Conductor] Updated metadata file.
2026-06-24T15:14:57.608-0700 debug    [Conductor] Broadcasting over stdout that session started. recorders=3
2026-06-24T15:14:57.608-0700 notice   [Conductor] Broadcasted over stdout that sessions started. recorders=3
2026-06-24T15:14:57.615-0700 debug    [SessionWriter: channel-1-display-0] Start session on AVAssetWriter id=channel-1-display sessionStart=CMTime(seconds:22617.576052708 timescale:1000000000 value:22617576052708 flags:valid, hasBeenRounded)
2026-06-24T15:14:57.615-0700 notice   [SessionWriter: channel-1-display-0] Started session on AVAssetWriter id=channel-1-display sessionStart=CMTime(seconds:22617.576052708 timescale:1000000000 value:22617576052708 flags:valid, hasBeenRounded)
2026-06-24T15:14:57.615-0700 notice   [SessionWriter: channel-1-display-0] Appending first sample buffer duration=CMTime(seconds:nan timescale:0 value:0 flags:<empty>) id=channel-1-display newPresentationTime=CMTime(seconds:22617.576052708 timescale:1000000000 value:22617576052708 flags:valid, hasBeenRounded) originalDecodeTime=CMTime(seconds:nan timescale:0 value:0 flags:<empty>) originalPresentationTime=CMTime(seconds:22617.5739165 timescale:1000000000 value:22617573916500 flags:valid)
2026-06-24T15:14:57.622-0700 notice   [SessionWriter: channel-1-display-0] Appending second sample buffer duration=CMTime(seconds:nan timescale:0 value:0 flags:<empty>) id=channel-1-display newPresentationTime=CMTime(seconds:22617.582249666 timescale:1000000000 value:22617582249666 flags:valid) originalDecodeTime=CMTime(seconds:nan timescale:0 value:0 flags:<empty>) originalPresentationTime=CMTime(seconds:22617.582249666 timescale:1000000000 value:22617582249666 flags:valid)
2026-06-24T15:14:57.623-0700 debug    [polyrecorder] Metadata file updated.
2026-06-24T15:14:57.641-0700 debug    [polyrecorder] Metadata file updated.
2026-06-24T15:14:57.672-0700 info     [DiskSpaceInfo] Current disk space update file:///Users/prakhlin/Library/Application%20Support/Screen%20Studio/Screen%20Studio%20Recordings/Area%202026-06-24%2015:14:56, total: 494.38 GB, available: 87.96 GB, availableForImportantUsage: 113 GB, availableForOpportunisticUsage: 86.38 GB available=87963189248 availableImportant=112996279209 availableOppertunistic=86381667990 total=494384795648
2026-06-24T15:14:57.743-0700 debug    [InputRecorderSession: 0] Generated mouse move events for cursor changes between mouse moves. after=22617.683322583 generatedEvents=1 id=channel-0-input session=0 untilIncluding=22617.69374
2026-06-24T15:14:58.132-0700 debug    [SegmentedAssetWriterDelegate] Did output segment data: 698, segmentType:initialization, segmentReport:nil id=channel-1-display
2026-06-24T15:14:58.132-0700 debug    [SegmentedAssetWriterDelegate] Writing segment data: file:///Users/prakhlin/Library/Application%20Support/Screen%20Studio/Screen%20Studio%20Recordings/Area%202026-06-24%2015:14:56/channel-1-display-0-0000.mp4 id=channel-1-display
2026-06-24T15:14:58.134-0700 debug    [polyrecorder] Created playlist writer at file:///Users/prakhlin/Library/Application%20Support/Screen%20Studio/Screen%20Studio%20Recordings/Area%202026-06-24%2015:14:56/channel-1-display-0.m3u8 id=channel-1-display
2026-06-24T15:14:58.134-0700 debug    [SegmentedAssetWriterDelegate] Did output segment data: 165867, segmentType:separable, segmentReport:AVAssetSegmentTrackReport(earliestPresentationTimeStamp:CMTime(seconds:22617.576666666668 timescale:600 value:13570546 flags:valid) duration:CMTime(seconds:0.43166666666666664 timescale:600 value:259 flags:valid) firstVideoSampleInformation:(presentationTimeStamp:CMTime(seconds:22617.576666666668 timescale:600 value:13570546 flags:valid) offset:336 length:59520 isSyncSample:true)) id=channel-1-display
2026-06-24T15:14:58.134-0700 debug    [SegmentedAssetWriterDelegate] Writing segment data: file:///Users/prakhlin/Library/Application%20Support/Screen%20Studio/Screen%20Studio%20Recordings/Area%202026-06-24%2015:14:56/channel-1-display-0-0001.m4s id=channel-1-display
2026-06-24T15:14:58.135-0700 info     [SegmentedAssetWriterDelegate] Appending channel-1-display-0-0001.m4s: CMTime(seconds:22617.576666666668 timescale:600 value:13570546 flags:valid) id=channel-1-display
2026-06-24T15:14:59.705-0700 debug    [InputRecorderSession: 0] Generated mouse move events for cursor changes between mouse moves. after=22619.660497458 generatedEvents=1 id=channel-0-input session=0 untilIncluding=22619.673421041
2026-06-24T15:15:00.071-0700 debug    [SegmentedAssetWriterDelegate] Did output segment data: 556419, segmentType:separable, segmentReport:AVAssetSegmentTrackReport(earliestPresentationTimeStamp:CMTime(seconds:22618.008333333335 timescale:600 value:13570805 flags:valid) duration:CMTime(seconds:2.0083333333333333 timescale:600 value:1205 flags:valid) firstVideoSampleInformation:(presentationTimeStamp:CMTime(seconds:22618.008333333335 timescale:600 value:13570805 flags:valid, hasBeenRounded) offset:1524 length:106641 isSyncSample:true)) id=channel-1-display
2026-06-24T15:15:00.071-0700 debug    [SegmentedAssetWriterDelegate] Writing segment data: file:///Users/prakhlin/Library/Application%20Support/Screen%20Studio/Screen%20Studio%20Recordings/Area%202026-06-24%2015:14:56/channel-1-display-0-0002.m4s id=channel-1-display
2026-06-24T15:15:00.074-0700 info     [SegmentedAssetWriterDelegate] Appending channel-1-display-0-0002.m4s: CMTime(seconds:22618.008333333335 timescale:600 value:13570805 flags:valid) id=channel-1-display
2026-06-24T15:15:02.029-0700 debug    [InputRecorderSession: 0] Generated mouse move events for cursor changes between mouse moves. after=22619.956653375 generatedEvents=1 id=channel-0-input session=0 untilIncluding=22621.997604916
2026-06-24T15:15:02.046-0700 debug    [StreamCoordinator: channel-1-display] SCFrameStatus summary for last 5 seconds id=channel-1-display summary=[("complete", 247), ("idle", 66)] total=313
2026-06-24T15:15:02.069-0700 debug    [SegmentedAssetWriterDelegate] Did output segment data: 1324599, segmentType:separable, segmentReport:AVAssetSegmentTrackReport(earliestPresentationTimeStamp:CMTime(seconds:22620.016666666666 timescale:600 value:13572010 flags:valid) duration:CMTime(seconds:1.9916666666666667 timescale:600 value:1195 flags:valid) firstVideoSampleInformation:(presentationTimeStamp:CMTime(seconds:22620.016666666666 timescale:600 value:13572010 flags:valid, hasBeenRounded) offset:1372 length:141939 isSyncSample:true)) id=channel-1-display
2026-06-24T15:15:02.069-0700 debug    [SegmentedAssetWriterDelegate] Writing segment data: file:///Users/prakhlin/Library/Application%20Support/Screen%20Studio/Screen%20Studio%20Recordings/Area%202026-06-24%2015:14:56/channel-1-display-0-0003.m4s id=channel-1-display
2026-06-24T15:15:02.072-0700 info     [SegmentedAssetWriterDelegate] Appending channel-1-display-0-0003.m4s: CMTime(seconds:22620.016666666666 timescale:600 value:13572010 flags:valid) id=channel-1-display
2026-06-24T15:15:02.275-0700 debug    [InputRecorderSession: 0] Generated mouse move events for cursor changes between mouse moves. after=22622.231022708 generatedEvents=1 id=channel-0-input session=0 untilIncluding=22622.239647416
2026-06-24T15:15:03.741-0700 debug    [InputRecorderSession: 0] Generated mouse move events for cursor changes between mouse moves. after=22622.328793 generatedEvents=2 id=channel-0-input session=0 untilIncluding=22623.709217583
2026-06-24T15:15:04.066-0700 debug    [SegmentedAssetWriterDelegate] Did output segment data: 1625585, segmentType:separable, segmentReport:AVAssetSegmentTrackReport(earliestPresentationTimeStamp:CMTime(seconds:22622.008333333335 timescale:600 value:13573205 flags:valid) duration:CMTime(seconds:2.0 timescale:600 value:1200 flags:valid) firstVideoSampleInformation:(presentationTimeStamp:CMTime(seconds:22622.008333333335 timescale:600 value:13573205 flags:valid, hasBeenRounded) offset:1568 length:172929 isSyncSample:true)) id=channel-1-display
2026-06-24T15:15:04.066-0700 debug    [SegmentedAssetWriterDelegate] Writing segment data: file:///Users/prakhlin/Library/Application%20Support/Screen%20Studio/Screen%20Studio%20Recordings/Area%202026-06-24%2015:14:56/channel-1-display-0-0004.m4s id=channel-1-display
2026-06-24T15:15:04.070-0700 info     [SegmentedAssetWriterDelegate] Appending channel-1-display-0-0004.m4s: CMTime(seconds:22622.008333333335 timescale:600 value:13573205 flags:valid) id=channel-1-display
2026-06-24T15:15:04.095-0700 debug    [InputRecorderSession: 0] Generated mouse move events for cursor changes between mouse moves. after=22624.057471541 generatedEvents=1 id=channel-0-input session=0 untilIncluding=22624.062974458
2026-06-24T15:15:05.363-0700 notice   [SignalHandler] Received SIGTERM.
2026-06-24T15:15:05.364-0700 warning  [Conductor] Pausing the recording to be able to stop.
2026-06-24T15:15:05.364-0700 debug    [Conductor] Pausing recording.
2026-06-24T15:15:05.364-0700 notice   [Conductor] Recording paused. recordUntil=22625.3337375
2026-06-24T15:15:05.364-0700 debug    [Conductor] Stopping recording.
2026-06-24T15:15:05.364-0700 debug    [Conductor] Cleaning up recorders. recorders=3
2026-06-24T15:15:05.364-0700 debug    [CursorRecorder] Stopping display link. id=channel-0-cursor
2026-06-24T15:15:05.365-0700 debug    [InputRecorder] Stopping event monitor. id=channel-0-input
2026-06-24T15:15:05.365-0700 debug    [DisplayRecorder: channel-1-display] Completing all session writers id=channel-1-display sessionWriters.count=1
2026-06-24T15:15:05.365-0700 notice   [InputRecorder] Stopped eventTapForEvents. id=channel-0-input
2026-06-24T15:15:05.365-0700 debug    [SessionWriter: channel-1-display-0] Starting new recording completion task id=channel-1-display
2026-06-24T15:15:05.365-0700 info     [InputRecorder] Event monitor stopped. id=channel-0-input
2026-06-24T15:15:05.365-0700 debug    [InputRecorder] Finishing sessions. id=channel-0-input
2026-06-24T15:15:05.365-0700 debug    [InputRecorderSession: 0] Generating mouse move events for stationary cursor changes at end of session. id=channel-0-input session=0
2026-06-24T15:15:05.365-0700 debug    [SessionWriter: channel-1-display-0] Completing recording. id=channel-1-display
2026-06-24T15:15:05.365-0700 notice   [InputRecorderSession: 0] Generated mouse move events for stationary cursor changes at end of session. after=22625.190133875 generatedEvents=0 id=channel-0-input session=0 untilIncluding=22625.3337375
2026-06-24T15:15:05.365-0700 debug    [polyrecorder] Closing streaming JSON file. fileUrl=file:///Users/prakhlin/Library/Application%20Support/Screen%20Studio/Screen%20Studio%20Recordings/Area%202026-06-24%2015:14:56/mousemoves-0.json id=channel-0-input
2026-06-24T15:15:05.365-0700 notice   [CursorRecorder] Stopped display link. id=channel-0-cursor
2026-06-24T15:15:05.365-0700 debug    [polyrecorder] Closing streaming JSON file. fileUrl=file:///Users/prakhlin/Library/Application%20Support/Screen%20Studio/Screen%20Studio%20Recordings/Area%202026-06-24%2015:14:56/cursors.json
2026-06-24T15:15:05.365-0700 debug    [SessionWriter: channel-1-display-0] Waiting for final frames. id=channel-1-display
2026-06-24T15:15:05.365-0700 notice   [SessionWriter: channel-1-display-0] Newer item produced recently, waiting for another second. id=channel-1-display lastItemTime=CMTime(seconds:22625.332143291 timescale:1000000000 value:22625332143291 flags:valid) previousLastItemTime=CMTime(seconds:-inf timescale:0 value:0 flags:valid, negativeInfinity)
2026-06-24T15:15:05.370-0700 info     [polyrecorder] Closed streaming JSON file successfully. fileUrl=file:///Users/prakhlin/Library/Application%20Support/Screen%20Studio/Screen%20Studio%20Recordings/Area%202026-06-24%2015:14:56/mousemoves-0.json id=channel-0-input
2026-06-24T15:15:05.370-0700 debug    [polyrecorder] Closing streaming JSON file. fileUrl=file:///Users/prakhlin/Library/Application%20Support/Screen%20Studio/Screen%20Studio%20Recordings/Area%202026-06-24%2015:14:56/mouseclicks-0.json id=channel-0-input
2026-06-24T15:15:05.370-0700 info     [polyrecorder] Closed streaming JSON file successfully. fileUrl=file:///Users/prakhlin/Library/Application%20Support/Screen%20Studio/Screen%20Studio%20Recordings/Area%202026-06-24%2015:14:56/cursors.json
2026-06-24T15:15:05.371-0700 notice   [CursorRecorder] Cursor information written to disk. count=39 folder=file:///Users/prakhlin/Library/Application%20Support/Screen%20Studio/Screen%20Studio%20Recordings/Area%202026-06-24%2015:14:56/cursors/ id=channel-0-cursor
2026-06-24T15:15:05.374-0700 info     [polyrecorder] Closed streaming JSON file successfully. fileUrl=file:///Users/prakhlin/Library/Application%20Support/Screen%20Studio/Screen%20Studio%20Recordings/Area%202026-06-24%2015:14:56/mouseclicks-0.json id=channel-0-input
2026-06-24T15:15:05.374-0700 debug    [polyrecorder] Closing streaming JSON file. fileUrl=file:///Users/prakhlin/Library/Application%20Support/Screen%20Studio/Screen%20Studio%20Recordings/Area%202026-06-24%2015:14:56/keystrokes-0.json id=channel-0-input
2026-06-24T15:15:05.375-0700 info     [polyrecorder] Closed streaming JSON file successfully. fileUrl=file:///Users/prakhlin/Library/Application%20Support/Screen%20Studio/Screen%20Studio%20Recordings/Area%202026-06-24%2015:14:56/keystrokes-0.json id=channel-0-input
2026-06-24T15:15:05.375-0700 notice   [InputRecorder] Finished writers. id=channel-0-input
2026-06-24T15:15:06.371-0700 notice   [SessionWriter: channel-1-display-0] Waiting for final frames completed. id=channel-1-display systemUptime=22626.34073825
2026-06-24T15:15:06.371-0700 debug    [SessionWriter: channel-1-display-0] Finishing SessionBoundedRetimer. id=channel-1-display
2026-06-24T15:15:06.371-0700 notice   [SessionWriter: channel-1-display-0] Finished SessionBoundedRetimer. id=channel-1-display
2026-06-24T15:15:06.371-0700 debug    [SessionWriter: channel-1-display-0] Flushing all frames from backpressure buffer. id=channel-1-display itemsInBuffer=0
2026-06-24T15:15:06.372-0700 notice   [SessionWriter: channel-1-display-0] Flushed all frames from backpressure buffer. id=channel-1-display itemsInBuffer=0
2026-06-24T15:15:06.372-0700 debug    [SessionWriter: channel-1-display-0] End session on AVAssetWriter id=channel-1-display sessionEnd=CMTime(seconds:22625.3337375 timescale:1000000000 value:22625333737500 flags:valid)
2026-06-24T15:15:06.372-0700 debug    [SegmentedAssetWriterDelegate] Did output segment data: 491905, segmentType:separable, segmentReport:AVAssetSegmentTrackReport(earliestPresentationTimeStamp:CMTime(seconds:22624.008333333335 timescale:600 value:13574405 flags:valid) duration:CMTime(seconds:1.3283333333333334 timescale:600 value:797 flags:valid) firstVideoSampleInformation:(presentationTimeStamp:CMTime(seconds:22624.008333333335 timescale:600 value:13574405 flags:valid, hasBeenRounded) offset:848 length:156458 isSyncSample:true)) id=channel-1-display
2026-06-24T15:15:06.372-0700 debug    [SegmentedAssetWriterDelegate] Writing segment data: file:///Users/prakhlin/Library/Application%20Support/Screen%20Studio/Screen%20Studio%20Recordings/Area%202026-06-24%2015:14:56/channel-1-display-0-0005.m4s id=channel-1-display
2026-06-24T15:15:06.375-0700 info     [SegmentedAssetWriterDelegate] Appending channel-1-display-0-0005.m4s: CMTime(seconds:22624.008333333335 timescale:600 value:13574405 flags:valid) id=channel-1-display
2026-06-24T15:15:06.375-0700 notice   [SessionWriter: channel-1-display-0] End session on AVAssetWriter id=channel-1-display sessionEnd=CMTime(seconds:22625.3337375 timescale:1000000000 value:22625333737500 flags:valid)
2026-06-24T15:15:06.375-0700 debug    [SessionWriter: channel-1-display-0] Finishing writing to asset writer. id=channel-1-display
2026-06-24T15:15:06.380-0700 notice   [SessionWriter: channel-1-display-0] Finished writing to assset writer. id=channel-1-display
2026-06-24T15:15:06.380-0700 debug    [SessionWriter: channel-1-display-0] Finishing writing to metadata file. id=channel-1-display
2026-06-24T15:15:06.380-0700 notice   [SessionWriter: channel-1-display-0] Finished writing to metadata file. id=channel-1-display
2026-06-24T15:15:06.380-0700 notice   [SessionWriter: channel-1-display-0] Completed recording, returning metadata. framesProcessed (excluding initial Ring buffer)=496 id=channel-1-display
2026-06-24T15:15:06.380-0700 notice   [DisplayRecorder: channel-1-display] Completed all session writers id=channel-1-display sessionWriters.count=1
2026-06-24T15:15:06.380-0700 debug    [DisplayRecorder: channel-1-display] Stopping stream capture. id=channel-1-display
2026-06-24T15:15:06.398-0700 notice   [DisplayRecorder: channel-1-display] Stopped stream capture. id=channel-1-display
2026-06-24T15:15:06.398-0700 debug    [DisplayRecorder: channel-1-display] Clearing frame timeout. id=channel-1-display
2026-06-24T15:15:06.398-0700 notice   [DisplayRecorder: channel-1-display] Cleared frame timeout. id=channel-1-display
2026-06-24T15:15:06.398-0700 debug    [DisplayRecorder: channel-1-display] Returning Metadata from cleanup id=channel-1-display totalFramesProcessed=504
2026-06-24T15:15:06.398-0700 notice   [Conductor] Finalized recorders. errors=0 metadataCount=3 recorders=3 sessionsCount=1
2026-06-24T15:15:06.398-0700 debug    [Conductor] Writing metadata file. metadataCount=3
2026-06-24T15:15:06.399-0700 debug    [polyrecorder] Metadata file updated.
2026-06-24T15:15:06.399-0700 notice   [Conductor] Metadata file written. metadataCount=3
2026-06-24T15:15:06.399-0700 debug    [Conductor] Ending latency critical activity.
2026-06-24T15:15:06.400-0700 notice   [Conductor] Ended latency critical activity.
2026-06-24T15:15:06.400-0700 notice   [Conductor] Recording stopped. errorCount=0 metadataCount=3 recorders=3
2026-06-24T15:15:06.400-0700 notice   [Conductor] Stopped recording. sessions=[
from:     22617.576  2026-06-24T15:14:57.607-0700
until:    22625.334  2026-06-24T15:15:05.364-0700
duration: 7.758
]
2026-06-24T15:15:06.400-0700 notice   [Polyrecorder] Nominal recording ended.
