2026-06-24T16:16:59.285-0700 notice   [Polyrecorder] Polyrecorder started. appStart=26339.221272791667 modelIdentifier=MacBookPro18,3 operatingSystem=Version 26.3.1 (Build 25D2128) systemLaunch=2026-06-24 15:58:00 +0000 version=2.7.0
2026-06-24T16:16:59.285-0700 notice   [polyrecorder] Connect RecordKit logger to Polyrecorder logger rkLogLevel=debug
2026-06-24T16:16:59.286-0700 debug    [Polyrecorder] Accessing active displays
2026-06-24T16:16:59.344-0700 notice   [Polyrecorder] Active displays: [polyrecorder.DisplayDiscovery.Display(displayID: 1, bounds: polyrecorder.Bounds(x: 0.0, y: 0.0, width: 1512.0, height: 982.0), refreshRate: 120.0, isMain: true, isBuiltin: true), polyrecorder.DisplayDiscovery.Display(displayID: 2, bounds: polyrecorder.Bounds(x: -1030.0, y: -1440.0, width: 3440.0, height: 1440.0), refreshRate: 100.0, isMain: false, isBuiltin: false)]
2026-06-24T16:16:59.344-0700 notice   [Polyrecorder] Thermal state at startup. thermalState=nominal
2026-06-24T16:16:59.344-0700 debug    [Polyrecorder] Validating configuration.
2026-06-24T16:16:59.345-0700 notice   [Polyrecorder] Configuration validated: {
  "logLevel" : "debug",
  "channels" : [
    {
      "type" : "input",
      "captureKeyStrokes" : true
    },
    {
      "excludeFinderDesktopIcons" : false,
      "cropRect" : {
        "yAxis" : "topBasedIncreasingDownwards",
        "height" : 660,
        "x" : 289,
        "width" : 1173,
        "y" : 196
      },
      "displayId" : 1,
      "excludedWindowIds" : [
        3951,
        3952,
        3953
      ],
      "type" : "display"
    }
  ],
  "outputDirectory" : "\/Users\/prakhlin\/Library\/Application Support\/Screen Studio\/Screen Studio Recordings\/Area 2026-06-24 16:16:59"
}
2026-06-24T16:16:59.345-0700 debug    [Polyrecorder] Creating output directory. url=file:///Users/prakhlin/Library/Application%20Support/Screen%20Studio/Screen%20Studio%20Recordings/Area%202026-06-24%2016:16:59
2026-06-24T16:16:59.346-0700 notice   [Polyrecorder] Created output directory. url=file:///Users/prakhlin/Library/Application%20Support/Screen%20Studio/Screen%20Studio%20Recordings/Area%202026-06-24%2016:16:59
2026-06-24T16:16:59.346-0700 debug    [Polyrecorder] Redirecting logs to file. url=file:///Users/prakhlin/Library/Application%20Support/Screen%20Studio/Screen%20Studio%20Recordings/Area%202026-06-24%2016:16:59/polyrecorder.log
2026-06-24T16:16:59.349-0700 notice   [Polyrecorder] Redirected logs to file. url=file:///Users/prakhlin/Library/Application%20Support/Screen%20Studio/Screen%20Studio%20Recordings/Area%202026-06-24%2016:16:59/polyrecorder.log
2026-06-24T16:16:59.349-0700 debug    [Polyrecorder] Attaching uncaught exception handler.
2026-06-24T16:16:59.349-0700 notice   [Polyrecorder] Attached uncaught exception handler.
2026-06-24T16:16:59.349-0700 debug    [Polyrecorder] Enabling DAL devices...
2026-06-24T16:16:59.399-0700 notice   [Polyrecorder] Enabled DAL devices.
2026-06-24T16:16:59.400-0700 debug    [Polyrecorder] Creating conductor with recorders. channels=2
2026-06-24T16:16:59.400-0700 debug    [CursorRecorder] Checking if cursor folder/files don't exist yet.
2026-06-24T16:16:59.402-0700 notice   [CursorRecorder] Checked cursor folder/files don't exist yet.
2026-06-24T16:16:59.402-0700 debug    [CursorRecorder] Creating display link. displayId=1
2026-06-24T16:16:59.416-0700 notice   [CursorRecorder] Created display link. displayId=1
2026-06-24T16:16:59.416-0700 debug    [InputRecorder] Checking input monitoring authorization status. id=channel-0-input
2026-06-24T16:16:59.437-0700 notice   [InputRecorder] Input monitoring is authorized. id=channel-0-input
2026-06-24T16:16:59.462-0700 debug    [DisplayRecorder: channel-1-display] Checking if displayID 1 is in Active Displays list id=channel-1-display
2026-06-24T16:16:59.479-0700 debug    [DisplayRecorder: channel-1-display] Creating DisplayRecorderOutput id=channel-1-display
2026-06-24T16:16:59.482-0700 notice   [DisplayRecorder: channel-1-display] Created DisplayRecorderOutput id=channel-1-display output=DisplayRecorderOutput(cropRect: Optional((289.0, 196.0, 1173.0, 660.0)), recordBounds: (289.0, 196.0, 1173.0, 660.0), displayScaleFactor: 2, displayRefreshRate: 120.0, minFrameDuration: CMTime(seconds:0.008333333333333333 timescale:120 value:1 flags:valid), recordingScale: 0.5, assetWriterSettings: polyrecorder.AssetWriterSettings(mediaType: __C.AVMediaType(_rawValue: vide), outputSettings: ["AVVideoCompressionPropertiesKey": {
    AllowFrameReordering = 1;
    AverageBitRate = 14466919;
    AverageNonDroppableFrameRate = 30;
    ExpectedFrameRate = 120;
    H264EntropyMode = CABAC;
    MaxKeyFrameInterval = 30;
    ProfileLevel = "H264_High_AutoLevel";
}, "AVVideoHeightKey": 1320, "AVVideoWidthKey": 2346, "AVVideoScalingModeKey": AVVideoScalingModeResizeAspect, "AVVideoEncoderSpecificationKey": {
    EnableHardwareAcceleratedVideoEncoder = 1;
}, "AVVideoCodecKey": avc1]))
2026-06-24T16:16:59.482-0700 debug    [polyrecorder] Set handler for frameRepeater id=channel-1-display
2026-06-24T16:16:59.482-0700 info     [Polyrecorder] Created conductor with recorders. channels=2 recorders=3
2026-06-24T16:16:59.482-0700 debug    [Polyrecorder] Attaching recorder abortion handler.
2026-06-24T16:16:59.482-0700 notice   [Polyrecorder] Attached recorder abortion handler.
2026-06-24T16:16:59.482-0700 debug    [Polyrecorder] Installing signal handlers on process 61805.
2026-06-24T16:16:59.482-0700 notice   [Polyrecorder] Installed signal handlers on process 61805.
2026-06-24T16:16:59.482-0700 notice   [Polyrecorder] Setup finished.
2026-06-24T16:16:59.482-0700 debug    [Conductor] Starting recording.
2026-06-24T16:16:59.482-0700 debug    [Conductor] Starting latency critical activity.
2026-06-24T16:16:59.484-0700 notice   [Conductor] Started latency critical activity.
2026-06-24T16:16:59.484-0700 debug    [Conductor] Setting up all recorders. recorders=3
2026-06-24T16:16:59.484-0700 debug    [InputRecorder] Starting event monitor. id=channel-0-input
2026-06-24T16:16:59.484-0700 info     [InputRecorder] Event monitor started. id=channel-0-input
2026-06-24T16:16:59.484-0700 notice   [InputRecorder] Setup complete id=channel-0-input
2026-06-24T16:16:59.484-0700 debug    [CursorRecorder] Creating cursor image directory. id=channel-0-cursor url=file:///Users/prakhlin/Library/Application%20Support/Screen%20Studio/Screen%20Studio%20Recordings/Area%202026-06-24%2016:16:59/cursors/
2026-06-24T16:16:59.484-0700 debug    [DisplayRecorder: channel-1-display] Accessing ShareableContent id=channel-1-display
2026-06-24T16:16:59.484-0700 notice   [CursorRecorder] Created cursor image directory. id=channel-0-cursor url=file:///Users/prakhlin/Library/Application%20Support/Screen%20Studio/Screen%20Studio%20Recordings/Area%202026-06-24%2016:16:59/cursors/
2026-06-24T16:16:59.597-0700 notice   [DisplayRecorder: channel-1-display] Received ShareableContent attempt=1 id=channel-1-display restarted=false
2026-06-24T16:16:59.597-0700 debug    [DisplayRecorder: channel-1-display] Creating SCContentFilter from configuration id=channel-1-display
2026-06-24T16:16:59.599-0700 debug    [DisplayRecorder: channel-1-display] Creating SCStream id=channel-1-display streamConfig=SCStreamConfiguration sourceRect:(289.0, 196.0, 1173.0, 660.0) width:2346 height:1320 queueDepth:8
2026-06-24T16:16:59.639-0700 debug    [CursorRecorder] Preloading system cursors. cursors=49 id=channel-0-cursor
2026-06-24T16:16:59.640-0700 notice   [CursorRecorder] Preloaded system cursors. dropped=dropped: (public)columnResize > existing: (public)resizeLeftRight, dropped: (public)rowResize > existing: (public)resizeUpDown, dropped: (private)closedHand > existing: (public)closedHand, dropped: (private)crosshair > existing: (public)crosshair, dropped: (private)genericDrag > existing: (public)arrow, dropped: (private)hand > existing: (public)openHand, dropped: (private)horizontalResize > existing: (public)resizeLeftRight, dropped: (private)overrideHelp > existing: (private)help, dropped: (private)verticalResize > existing: (public)resizeUpDown, dropped: (private)zoomIn > existing: (public)zoomIn, dropped: (private)zoomOut > existing: (public)zoomOut id=channel-0-cursor
2026-06-24T16:16:59.640-0700 debug    [CursorRecorder] Writing preloaded cursors information to disk. count=38 id=channel-0-cursor
2026-06-24T16:16:59.683-0700 notice   [CursorRecorder] Cursor information written to disk. count=38 id=channel-0-cursor
2026-06-24T16:16:59.683-0700 debug    [CursorRecorder] Configuring display link output handler. errorRateLimit=10.0 id=channel-0-cursor
2026-06-24T16:16:59.683-0700 info     [CursorRecorder] Display link output handler configured. errorRateLimit=10.0 id=channel-0-cursor
2026-06-24T16:16:59.683-0700 debug    [CursorRecorder] Setting current display on display link. displayId=1 id=channel-0-cursor
2026-06-24T16:16:59.686-0700 info     [CursorRecorder] Current display on display link set. displayId=1 id=channel-0-cursor
2026-06-24T16:16:59.686-0700 debug    [CursorRecorder] Starting display link. displayId=1 id=channel-0-cursor
2026-06-24T16:16:59.686-0700 notice   [CursorRecorder] Started display link. displayId=1 id=channel-0-cursor
2026-06-24T16:16:59.686-0700 notice   [CursorRecorder] Setup complete id=channel-0-cursor
2026-06-24T16:16:59.696-0700 notice   [CursorRecorder] Refresh rate of current display changed. currentDisplay=1 id=channel-0-cursor refreshRate=120 FPS
2026-06-24T16:16:59.744-0700 notice   [DisplayRecorder: channel-1-display] Created SCStream id=channel-1-display
2026-06-24T16:16:59.744-0700 debug    [DisplayRecorder: channel-1-display] Add StreamOutput to capture screen content id=channel-1-display
2026-06-24T16:16:59.744-0700 debug    [DisplayRecorder: channel-1-display] Enable verbose SCK logging id=channel-1-display
2026-06-24T16:16:59.744-0700 debug    [DisplayRecorder: channel-1-display] Start stream capture id=channel-1-display
2026-06-24T16:16:59.826-0700 notice   [DisplayRecorder: channel-1-display] Started stream capture id=channel-1-display
2026-06-24T16:16:59.826-0700 debug    [DisplayRecorder: channel-1-display] Waiting for ring buffer to have a frame id=channel-1-display
2026-06-24T16:16:59.876-0700 debug    [StreamCoordinator: channel-1-display] Stream did output sample buffer id=channel-1-display isValid=true
2026-06-24T16:16:59.877-0700 debug    [DisplayRecorder: channel-1-display] Checking delta of presentation time stamp to host time clock. framePTS=26339.800651083 hostTime=26339.820526666 id=channel-1-display
2026-06-24T16:16:59.877-0700 notice   [DisplayRecorder: channel-1-display] Trivial delta between presentation time stamp to host time clock, will trust frame PTS. framePTS=26339.800651083 hostTime=26339.820526666 hostTimeDelta=0.019875583 id=channel-1-display
2026-06-24T16:16:59.877-0700 notice   [DisplayRecorder: channel-1-display] Ring buffer has a frame id=channel-1-display
2026-06-24T16:16:59.877-0700 debug    [DisplayRecorder: channel-1-display] Disable verbose SCK logging id=channel-1-display
2026-06-24T16:16:59.877-0700 notice   [DisplayRecorder: channel-1-display] Setup complete id=channel-1-display
2026-06-24T16:16:59.877-0700 notice   [Conductor] Did setup all recorders. recorders=3
2026-06-24T16:16:59.877-0700 debug    [Conductor] Calling prepare on all recorders for session. recorders=3
2026-06-24T16:16:59.877-0700 notice   [InputRecorder] Preparing session. id=channel-0-input sessions=0
2026-06-24T16:16:59.877-0700 debug    [DisplayRecorder: channel-1-display] Creating SessionWriter id=channel-1-display
2026-06-24T16:16:59.877-0700 debug    [SessionWriter: channel-1-display-0] Creating AVAssetWriter id=channel-1-display
2026-06-24T16:16:59.878-0700 notice   [SessionWriter: channel-1-display-0] Created AVAssetWriter id=channel-1-display
2026-06-24T16:16:59.878-0700 debug    [SessionWriter: channel-1-display-0] Add AVAssetWriter.error observation id=channel-1-display
2026-06-24T16:16:59.893-0700 notice   [SessionWriter: channel-1-display-0] Added AVAssetWriter.error observation id=channel-1-display
2026-06-24T16:16:59.893-0700 debug    [SessionWriter: channel-1-display-0] Creating AVAssetWriterInput id=channel-1-display mediaType=AVMediaType(_rawValue: vide) outputSettings=["AVVideoCompressionPropertiesKey": {
    AllowFrameReordering = 1;
    AverageBitRate = 14466919;
    AverageNonDroppableFrameRate = 30;
    ExpectedFrameRate = 120;
    H264EntropyMode = CABAC;
    MaxKeyFrameInterval = 30;
    ProfileLevel = "H264_High_AutoLevel";
}, "AVVideoHeightKey": 1320, "AVVideoWidthKey": 2346, "AVVideoScalingModeKey": AVVideoScalingModeResizeAspect, "AVVideoEncoderSpecificationKey": {
    EnableHardwareAcceleratedVideoEncoder = 1;
}, "AVVideoCodecKey": avc1]
2026-06-24T16:16:59.915-0700 notice   [InputRecorder] Prepared session. id=channel-0-input sessions=1
2026-06-24T16:17:00.055-0700 debug    [SessionWriter: channel-1-display-0] Adding AVAssetWriterInput to AVAssetWriter. id=channel-1-display
2026-06-24T16:17:00.055-0700 notice   [SessionWriter: channel-1-display-0] Added AVAssetWriterInput to AVAssetWriter id=channel-1-display
2026-06-24T16:17:00.149-0700 debug    [DisplayRecorder: channel-1-display] Processing initial samples from buffer. bufferCount=3 id=channel-1-display
2026-06-24T16:17:00.149-0700 notice   [DisplayRecorder: channel-1-display] Processed initial samples from buffer. bufferCount=3 id=channel-1-display
2026-06-24T16:17:00.149-0700 notice   [DisplayRecorder: channel-1-display] Created SessionWriter id=channel-1-display
2026-06-24T16:17:00.149-0700 notice   [Conductor] Called prepare recorders for session. recorders=3
2026-06-24T16:17:00.149-0700 debug    [Conductor] Broadcasting over stdout that all recorders are prepared. recorders=3
2026-06-24T16:17:00.149-0700 notice   [Conductor] Broadcasted over stdout that all recorders are prepared. recorders=3
2026-06-24T16:17:00.155-0700 notice   [SignalHandler] Received SIGCONT.
2026-06-24T16:17:00.155-0700 debug    [Conductor] Resuming recording.
2026-06-24T16:17:00.156-0700 notice   [Conductor] Recording resumed. recordFrom=26340.09940725
2026-06-24T16:17:00.156-0700 debug    [Conductor] Start async updates for recording.
2026-06-24T16:17:00.156-0700 notice   [Conductor] Started async updates for recording.
2026-06-24T16:17:00.156-0700 debug    [Conductor] Update metadata file.
2026-06-24T16:17:00.166-0700 debug    [SessionWriter: channel-1-display-0] Start session on AVAssetWriter id=channel-1-display sessionStart=CMTime(seconds:26340.09940725 timescale:1000000000 value:26340099407250 flags:valid)
2026-06-24T16:17:00.166-0700 debug    [polyrecorder] Metadata file updated.
2026-06-24T16:17:00.174-0700 notice   [Conductor] Updated metadata file.
2026-06-24T16:17:00.174-0700 debug    [Conductor] Broadcasting over stdout that session started. recorders=3
2026-06-24T16:17:00.166-0700 notice   [SessionWriter: channel-1-display-0] Started session on AVAssetWriter id=channel-1-display sessionStart=CMTime(seconds:26340.09940725 timescale:1000000000 value:26340099407250 flags:valid)
2026-06-24T16:17:00.175-0700 notice   [SessionWriter: channel-1-display-0] Appending first sample buffer duration=CMTime(seconds:nan timescale:0 value:0 flags:<empty>) id=channel-1-display newPresentationTime=CMTime(seconds:26340.09940725 timescale:1000000000 value:26340099407250 flags:valid) originalDecodeTime=CMTime(seconds:nan timescale:0 value:0 flags:<empty>) originalPresentationTime=CMTime(seconds:26340.083980708 timescale:1000000000 value:26340083980708 flags:valid)
2026-06-24T16:17:00.177-0700 notice   [Conductor] Broadcasted over stdout that sessions started. recorders=3
2026-06-24T16:17:00.194-0700 debug    [polyrecorder] Metadata file updated.
2026-06-24T16:17:00.233-0700 debug    [InputRecorderSession: 0] Generated mouse move events for cursor changes between mouse moves. after=26340.151989291 generatedEvents=1 id=channel-0-input session=0 untilIncluding=26340.164679291
2026-06-24T16:17:00.236-0700 debug    [InputRecorderSession: 0] Generated mouse move events for cursor changes between mouse moves. after=26340.165460333 generatedEvents=1 id=channel-0-input session=0 untilIncluding=26340.173823166
2026-06-24T16:17:00.238-0700 notice   [SessionWriter: channel-1-display-0] Appending second sample buffer duration=CMTime(seconds:nan timescale:0 value:0 flags:<empty>) id=channel-1-display newPresentationTime=CMTime(seconds:26340.108980458 timescale:1000000000 value:26340108980458 flags:valid) originalDecodeTime=CMTime(seconds:nan timescale:0 value:0 flags:<empty>) originalPresentationTime=CMTime(seconds:26340.108980458 timescale:1000000000 value:26340108980458 flags:valid)
2026-06-24T16:17:00.244-0700 debug    [polyrecorder] Metadata file updated.
2026-06-24T16:17:00.305-0700 debug    [InputRecorderSession: 0] Generated mouse move events for cursor changes between mouse moves. after=26340.217200958 generatedEvents=1 id=channel-0-input session=0 untilIncluding=26340.243402875
2026-06-24T16:17:00.362-0700 info     [DiskSpaceInfo] Current disk space update file:///Users/prakhlin/Library/Application%20Support/Screen%20Studio/Screen%20Studio%20Recordings/Area%202026-06-24%2016:16:59, total: 494.38 GB, available: 91.48 GB, availableForImportantUsage: 115.99 GB, availableForOpportunisticUsage: 89.89 GB available=91475079168 availableImportant=115987489705 availableOppertunistic=89893668502 total=494384795648
2026-06-24T16:17:00.397-0700 warning  [InputRecorderSession] Input event occured after last cursor capture, falling back to last known cursor. attempt=3 eventOccured=26340.283526916 id=channel-0-input lastCapture=26340.279911958336 maxAttempts=3 session=0
2026-06-24T16:17:02.103-0700 debug    [SegmentedAssetWriterDelegate] Did output segment data: 698, segmentType:initialization, segmentReport:nil id=channel-1-display
2026-06-24T16:17:02.103-0700 debug    [SegmentedAssetWriterDelegate] Writing segment data: file:///Users/prakhlin/Library/Application%20Support/Screen%20Studio/Screen%20Studio%20Recordings/Area%202026-06-24%2016:16:59/channel-1-display-0-0000.mp4 id=channel-1-display
2026-06-24T16:17:02.108-0700 debug    [polyrecorder] Created playlist writer at file:///Users/prakhlin/Library/Application%20Support/Screen%20Studio/Screen%20Studio%20Recordings/Area%202026-06-24%2016:16:59/channel-1-display-0.m3u8 id=channel-1-display
2026-06-24T16:17:02.108-0700 debug    [SegmentedAssetWriterDelegate] Did output segment data: 1128457, segmentType:separable, segmentReport:AVAssetSegmentTrackReport(earliestPresentationTimeStamp:CMTime(seconds:26340.1 timescale:600 value:15804060 flags:valid) duration:CMTime(seconds:1.91 timescale:600 value:1146 flags:valid) firstVideoSampleInformation:(presentationTimeStamp:CMTime(seconds:26340.1 timescale:600 value:15804060 flags:valid) offset:1472 length:80040 isSyncSample:true)) id=channel-1-display
2026-06-24T16:17:02.108-0700 debug    [SegmentedAssetWriterDelegate] Writing segment data: file:///Users/prakhlin/Library/Application%20Support/Screen%20Studio/Screen%20Studio%20Recordings/Area%202026-06-24%2016:16:59/channel-1-display-0-0001.m4s id=channel-1-display
2026-06-24T16:17:02.109-0700 info     [SegmentedAssetWriterDelegate] Appending channel-1-display-0-0001.m4s: CMTime(seconds:26340.1 timescale:600 value:15804060 flags:valid) id=channel-1-display
2026-06-24T16:17:04.097-0700 debug    [SegmentedAssetWriterDelegate] Did output segment data: 1431738, segmentType:separable, segmentReport:AVAssetSegmentTrackReport(earliestPresentationTimeStamp:CMTime(seconds:26342.01 timescale:600 value:15805206 flags:valid) duration:CMTime(seconds:2.0 timescale:600 value:1200 flags:valid) firstVideoSampleInformation:(presentationTimeStamp:CMTime(seconds:26342.01 timescale:600 value:15805206 flags:valid, hasBeenRounded) offset:1556 length:227100 isSyncSample:true)) id=channel-1-display
2026-06-24T16:17:04.098-0700 debug    [SegmentedAssetWriterDelegate] Writing segment data: file:///Users/prakhlin/Library/Application%20Support/Screen%20Studio/Screen%20Studio%20Recordings/Area%202026-06-24%2016:16:59/channel-1-display-0-0002.m4s id=channel-1-display
2026-06-24T16:17:04.101-0700 info     [SegmentedAssetWriterDelegate] Appending channel-1-display-0-0002.m4s: CMTime(seconds:26342.01 timescale:600 value:15805206 flags:valid) id=channel-1-display
2026-06-24T16:17:04.442-0700 debug    [StreamCoordinator: channel-1-display] SCFrameStatus summary for last 5 seconds id=channel-1-display summary=[("complete", 267), ("idle", 113)] total=380
2026-06-24T16:17:06.096-0700 debug    [SegmentedAssetWriterDelegate] Did output segment data: 1859593, segmentType:separable, segmentReport:AVAssetSegmentTrackReport(earliestPresentationTimeStamp:CMTime(seconds:26344.01 timescale:600 value:15806406 flags:valid) duration:CMTime(seconds:2.0 timescale:600 value:1200 flags:valid) firstVideoSampleInformation:(presentationTimeStamp:CMTime(seconds:26344.01 timescale:600 value:15806406 flags:valid, hasBeenRounded) offset:1576 length:210710 isSyncSample:true)) id=channel-1-display
2026-06-24T16:17:06.096-0700 debug    [SegmentedAssetWriterDelegate] Writing segment data: file:///Users/prakhlin/Library/Application%20Support/Screen%20Studio/Screen%20Studio%20Recordings/Area%202026-06-24%2016:16:59/channel-1-display-0-0003.m4s id=channel-1-display
2026-06-24T16:17:06.099-0700 info     [SegmentedAssetWriterDelegate] Appending channel-1-display-0-0003.m4s: CMTime(seconds:26344.01 timescale:600 value:15806406 flags:valid) id=channel-1-display
2026-06-24T16:17:08.124-0700 debug    [SegmentedAssetWriterDelegate] Did output segment data: 898907, segmentType:separable, segmentReport:AVAssetSegmentTrackReport(earliestPresentationTimeStamp:CMTime(seconds:26346.01 timescale:600 value:15807606 flags:valid) duration:CMTime(seconds:2.0 timescale:600 value:1200 flags:valid) firstVideoSampleInformation:(presentationTimeStamp:CMTime(seconds:26346.01 timescale:600 value:15807606 flags:valid, hasBeenRounded) offset:1568 length:186357 isSyncSample:true)) id=channel-1-display
2026-06-24T16:17:08.124-0700 debug    [SegmentedAssetWriterDelegate] Writing segment data: file:///Users/prakhlin/Library/Application%20Support/Screen%20Studio/Screen%20Studio%20Recordings/Area%202026-06-24%2016:16:59/channel-1-display-0-0004.m4s id=channel-1-display
2026-06-24T16:17:08.128-0700 info     [SegmentedAssetWriterDelegate] Appending channel-1-display-0-0004.m4s: CMTime(seconds:26346.01 timescale:600 value:15807606 flags:valid) id=channel-1-display
2026-06-24T16:17:09.443-0700 debug    [StreamCoordinator: channel-1-display] SCFrameStatus summary for last 5 seconds id=channel-1-display summary=[("complete", 300), ("idle", 145)] total=445
2026-06-24T16:17:10.122-0700 debug    [SegmentedAssetWriterDelegate] Did output segment data: 891882, segmentType:separable, segmentReport:AVAssetSegmentTrackReport(earliestPresentationTimeStamp:CMTime(seconds:26348.01 timescale:600 value:15808806 flags:valid) duration:CMTime(seconds:2.0 timescale:600 value:1200 flags:valid) firstVideoSampleInformation:(presentationTimeStamp:CMTime(seconds:26348.01 timescale:600 value:15808806 flags:valid, hasBeenRounded) offset:1328 length:186357 isSyncSample:true)) id=channel-1-display
2026-06-24T16:17:10.122-0700 debug    [SegmentedAssetWriterDelegate] Writing segment data: file:///Users/prakhlin/Library/Application%20Support/Screen%20Studio/Screen%20Studio%20Recordings/Area%202026-06-24%2016:16:59/channel-1-display-0-0005.m4s id=channel-1-display
2026-06-24T16:17:10.124-0700 info     [SegmentedAssetWriterDelegate] Appending channel-1-display-0-0005.m4s: CMTime(seconds:26348.01 timescale:600 value:15808806 flags:valid) id=channel-1-display
2026-06-24T16:17:11.212-0700 notice   [SignalHandler] Received SIGTERM.
2026-06-24T16:17:11.212-0700 warning  [Conductor] Pausing the recording to be able to stop.
2026-06-24T16:17:11.212-0700 debug    [Conductor] Pausing recording.
2026-06-24T16:17:11.212-0700 notice   [Conductor] Recording paused. recordUntil=26351.156043125
2026-06-24T16:17:11.212-0700 debug    [Conductor] Stopping recording.
2026-06-24T16:17:11.212-0700 debug    [Conductor] Cleaning up recorders. recorders=3
2026-06-24T16:17:11.212-0700 debug    [InputRecorder] Stopping event monitor. id=channel-0-input
2026-06-24T16:17:11.212-0700 debug    [DisplayRecorder: channel-1-display] Completing all session writers id=channel-1-display sessionWriters.count=1
2026-06-24T16:17:11.212-0700 debug    [CursorRecorder] Stopping display link. id=channel-0-cursor
2026-06-24T16:17:11.212-0700 notice   [InputRecorder] Stopped eventTapForEvents. id=channel-0-input
2026-06-24T16:17:11.212-0700 debug    [SessionWriter: channel-1-display-0] Starting new recording completion task id=channel-1-display
2026-06-24T16:17:11.212-0700 debug    [SessionWriter: channel-1-display-0] Completing recording. id=channel-1-display
2026-06-24T16:17:11.212-0700 notice   [CursorRecorder] Stopped display link. id=channel-0-cursor
2026-06-24T16:17:11.212-0700 info     [InputRecorder] Event monitor stopped. id=channel-0-input
2026-06-24T16:17:11.212-0700 debug    [InputRecorder] Finishing sessions. id=channel-0-input
2026-06-24T16:17:11.212-0700 debug    [polyrecorder] Closing streaming JSON file. fileUrl=file:///Users/prakhlin/Library/Application%20Support/Screen%20Studio/Screen%20Studio%20Recordings/Area%202026-06-24%2016:16:59/cursors.json
2026-06-24T16:17:11.212-0700 debug    [InputRecorderSession: 0] Generating mouse move events for stationary cursor changes at end of session. id=channel-0-input session=0
2026-06-24T16:17:11.212-0700 debug    [SessionWriter: channel-1-display-0] Waiting for final frames. id=channel-1-display
2026-06-24T16:17:11.212-0700 notice   [InputRecorderSession: 0] Generated mouse move events for stationary cursor changes at end of session. after=26351.056123541 generatedEvents=0 id=channel-0-input session=0 untilIncluding=26351.156043125
2026-06-24T16:17:11.213-0700 debug    [polyrecorder] Closing streaming JSON file. fileUrl=file:///Users/prakhlin/Library/Application%20Support/Screen%20Studio/Screen%20Studio%20Recordings/Area%202026-06-24%2016:16:59/mousemoves-0.json id=channel-0-input
2026-06-24T16:17:11.213-0700 notice   [SessionWriter: channel-1-display-0] Newer item produced recently, waiting for another second. id=channel-1-display lastItemTime=CMTime(seconds:26351.142168 timescale:1000000000 value:26351142168000 flags:valid) previousLastItemTime=CMTime(seconds:-inf timescale:0 value:0 flags:valid, negativeInfinity)
2026-06-24T16:17:11.214-0700 info     [polyrecorder] Closed streaming JSON file successfully. fileUrl=file:///Users/prakhlin/Library/Application%20Support/Screen%20Studio/Screen%20Studio%20Recordings/Area%202026-06-24%2016:16:59/cursors.json
2026-06-24T16:17:11.214-0700 info     [polyrecorder] Closed streaming JSON file successfully. fileUrl=file:///Users/prakhlin/Library/Application%20Support/Screen%20Studio/Screen%20Studio%20Recordings/Area%202026-06-24%2016:16:59/mousemoves-0.json id=channel-0-input
2026-06-24T16:17:11.214-0700 debug    [polyrecorder] Closing streaming JSON file. fileUrl=file:///Users/prakhlin/Library/Application%20Support/Screen%20Studio/Screen%20Studio%20Recordings/Area%202026-06-24%2016:16:59/mouseclicks-0.json id=channel-0-input
2026-06-24T16:17:11.214-0700 notice   [CursorRecorder] Cursor information written to disk. count=39 folder=file:///Users/prakhlin/Library/Application%20Support/Screen%20Studio/Screen%20Studio%20Recordings/Area%202026-06-24%2016:16:59/cursors/ id=channel-0-cursor
2026-06-24T16:17:11.216-0700 info     [polyrecorder] Closed streaming JSON file successfully. fileUrl=file:///Users/prakhlin/Library/Application%20Support/Screen%20Studio/Screen%20Studio%20Recordings/Area%202026-06-24%2016:16:59/mouseclicks-0.json id=channel-0-input
2026-06-24T16:17:11.216-0700 debug    [polyrecorder] Closing streaming JSON file. fileUrl=file:///Users/prakhlin/Library/Application%20Support/Screen%20Studio/Screen%20Studio%20Recordings/Area%202026-06-24%2016:16:59/keystrokes-0.json id=channel-0-input
2026-06-24T16:17:11.217-0700 info     [polyrecorder] Closed streaming JSON file successfully. fileUrl=file:///Users/prakhlin/Library/Application%20Support/Screen%20Studio/Screen%20Studio%20Recordings/Area%202026-06-24%2016:16:59/keystrokes-0.json id=channel-0-input
2026-06-24T16:17:11.217-0700 notice   [InputRecorder] Finished writers. id=channel-0-input
2026-06-24T16:17:12.220-0700 notice   [SessionWriter: channel-1-display-0] Waiting for final frames completed. id=channel-1-display systemUptime=26352.163482333333
2026-06-24T16:17:12.220-0700 debug    [SessionWriter: channel-1-display-0] Finishing SessionBoundedRetimer. id=channel-1-display
2026-06-24T16:17:12.220-0700 notice   [SessionWriter: channel-1-display-0] Finished SessionBoundedRetimer. id=channel-1-display
2026-06-24T16:17:12.220-0700 debug    [SessionWriter: channel-1-display-0] Flushing all frames from backpressure buffer. id=channel-1-display itemsInBuffer=0
2026-06-24T16:17:12.220-0700 notice   [SessionWriter: channel-1-display-0] Flushed all frames from backpressure buffer. id=channel-1-display itemsInBuffer=0
2026-06-24T16:17:12.220-0700 debug    [SessionWriter: channel-1-display-0] End session on AVAssetWriter id=channel-1-display sessionEnd=CMTime(seconds:26351.156043125 timescale:1000000000 value:26351156043125 flags:valid)
2026-06-24T16:17:12.221-0700 debug    [SegmentedAssetWriterDelegate] Did output segment data: 651296, segmentType:separable, segmentReport:AVAssetSegmentTrackReport(earliestPresentationTimeStamp:CMTime(seconds:26350.01 timescale:600 value:15810006 flags:valid) duration:CMTime(seconds:1.16 timescale:600 value:696 flags:valid) firstVideoSampleInformation:(presentationTimeStamp:CMTime(seconds:26350.01 timescale:600 value:15810006 flags:valid, hasBeenRounded) offset:728 length:186357 isSyncSample:true)) id=channel-1-display
2026-06-24T16:17:12.221-0700 debug    [SegmentedAssetWriterDelegate] Writing segment data: file:///Users/prakhlin/Library/Application%20Support/Screen%20Studio/Screen%20Studio%20Recordings/Area%202026-06-24%2016:16:59/channel-1-display-0-0006.m4s id=channel-1-display
2026-06-24T16:17:12.226-0700 info     [SegmentedAssetWriterDelegate] Appending channel-1-display-0-0006.m4s: CMTime(seconds:26350.01 timescale:600 value:15810006 flags:valid) id=channel-1-display
2026-06-24T16:17:12.226-0700 notice   [SessionWriter: channel-1-display-0] End session on AVAssetWriter id=channel-1-display sessionEnd=CMTime(seconds:26351.156043125 timescale:1000000000 value:26351156043125 flags:valid)
2026-06-24T16:17:12.226-0700 debug    [SessionWriter: channel-1-display-0] Finishing writing to asset writer. id=channel-1-display
2026-06-24T16:17:12.231-0700 notice   [SessionWriter: channel-1-display-0] Finished writing to assset writer. id=channel-1-display
2026-06-24T16:17:12.231-0700 debug    [SessionWriter: channel-1-display-0] Finishing writing to metadata file. id=channel-1-display
2026-06-24T16:17:12.231-0700 notice   [SessionWriter: channel-1-display-0] Finished writing to metadata file. id=channel-1-display
2026-06-24T16:17:12.231-0700 notice   [SessionWriter: channel-1-display-0] Completed recording, returning metadata. framesProcessed (excluding initial Ring buffer)=722 id=channel-1-display
2026-06-24T16:17:12.231-0700 notice   [DisplayRecorder: channel-1-display] Completed all session writers id=channel-1-display sessionWriters.count=1
2026-06-24T16:17:12.231-0700 debug    [DisplayRecorder: channel-1-display] Stopping stream capture. id=channel-1-display
2026-06-24T16:17:12.243-0700 notice   [DisplayRecorder: channel-1-display] Stopped stream capture. id=channel-1-display
2026-06-24T16:17:12.243-0700 debug    [DisplayRecorder: channel-1-display] Clearing frame timeout. id=channel-1-display
2026-06-24T16:17:12.243-0700 notice   [DisplayRecorder: channel-1-display] Cleared frame timeout. id=channel-1-display
2026-06-24T16:17:12.243-0700 debug    [DisplayRecorder: channel-1-display] Returning Metadata from cleanup id=channel-1-display totalFramesProcessed=733
2026-06-24T16:17:12.243-0700 notice   [Conductor] Finalized recorders. errors=0 metadataCount=3 recorders=3 sessionsCount=1
2026-06-24T16:17:12.243-0700 debug    [Conductor] Writing metadata file. metadataCount=3
2026-06-24T16:17:12.245-0700 debug    [polyrecorder] Metadata file updated.
2026-06-24T16:17:12.245-0700 notice   [Conductor] Metadata file written. metadataCount=3
2026-06-24T16:17:12.245-0700 debug    [Conductor] Ending latency critical activity.
2026-06-24T16:17:12.245-0700 notice   [Conductor] Ended latency critical activity.
2026-06-24T16:17:12.245-0700 notice   [Conductor] Recording stopped. errorCount=0 metadataCount=3 recorders=3
2026-06-24T16:17:12.246-0700 notice   [Conductor] Stopped recording. sessions=[
from:     26340.099  2026-06-24T16:17:00.156-0700
until:    26351.156  2026-06-24T16:17:11.212-0700
duration: 11.057
]
2026-06-24T16:17:12.246-0700 notice   [Polyrecorder] Nominal recording ended.
