2026-06-24T16:22:58.973-0700 notice   [Polyrecorder] Polyrecorder started. appStart=26698.906904416668 modelIdentifier=MacBookPro18,3 operatingSystem=Version 26.3.1 (Build 25D2128) systemLaunch=2026-06-24 15:58:00 +0000 version=2.7.0
2026-06-24T16:22:58.973-0700 notice   [polyrecorder] Connect RecordKit logger to Polyrecorder logger rkLogLevel=debug
2026-06-24T16:22:58.973-0700 debug    [Polyrecorder] Accessing active displays
2026-06-24T16:22:59.054-0700 notice   [Polyrecorder] Active displays: [polyrecorder.DisplayDiscovery.Display(displayID: 1, bounds: polyrecorder.Bounds(x: 0.0, y: 0.0, width: 1512.0, height: 982.0), refreshRate: 120.0, isMain: true, isBuiltin: true), polyrecorder.DisplayDiscovery.Display(displayID: 2, bounds: polyrecorder.Bounds(x: -1030.0, y: -1440.0, width: 3440.0, height: 1440.0), refreshRate: 100.0, isMain: false, isBuiltin: false)]
2026-06-24T16:22:59.054-0700 notice   [Polyrecorder] Thermal state at startup. thermalState=nominal
2026-06-24T16:22:59.054-0700 debug    [Polyrecorder] Validating configuration.
2026-06-24T16:22:59.054-0700 notice   [Polyrecorder] Configuration validated: {
  "logLevel" : "debug",
  "channels" : [
    {
      "type" : "input",
      "captureKeyStrokes" : true
    },
    {
      "displayId" : 1,
      "cropRect" : {
        "yAxis" : "topBasedIncreasingDownwards",
        "x" : 289,
        "height" : 642,
        "width" : 1174,
        "y" : 205
      },
      "excludedWindowIds" : [
        4048,
        4049,
        4050,
        4052
      ],
      "excludeFinderDesktopIcons" : false,
      "type" : "display"
    }
  ],
  "outputDirectory" : "\/Users\/prakhlin\/Library\/Application Support\/Screen Studio\/Screen Studio Recordings\/Area 2026-06-24 16:22:58"
}
2026-06-24T16:22:59.055-0700 debug    [Polyrecorder] Creating output directory. url=file:///Users/prakhlin/Library/Application%20Support/Screen%20Studio/Screen%20Studio%20Recordings/Area%202026-06-24%2016:22:58
2026-06-24T16:22:59.055-0700 notice   [Polyrecorder] Created output directory. url=file:///Users/prakhlin/Library/Application%20Support/Screen%20Studio/Screen%20Studio%20Recordings/Area%202026-06-24%2016:22:58
2026-06-24T16:22:59.055-0700 debug    [Polyrecorder] Redirecting logs to file. url=file:///Users/prakhlin/Library/Application%20Support/Screen%20Studio/Screen%20Studio%20Recordings/Area%202026-06-24%2016:22:58/polyrecorder.log
2026-06-24T16:22:59.056-0700 notice   [Polyrecorder] Redirected logs to file. url=file:///Users/prakhlin/Library/Application%20Support/Screen%20Studio/Screen%20Studio%20Recordings/Area%202026-06-24%2016:22:58/polyrecorder.log
2026-06-24T16:22:59.056-0700 debug    [Polyrecorder] Attaching uncaught exception handler.
2026-06-24T16:22:59.056-0700 notice   [Polyrecorder] Attached uncaught exception handler.
2026-06-24T16:22:59.056-0700 debug    [Polyrecorder] Enabling DAL devices...
2026-06-24T16:23:00.135-0700 notice   [Polyrecorder] Enabled DAL devices.
2026-06-24T16:23:00.135-0700 debug    [Polyrecorder] Creating conductor with recorders. channels=2
2026-06-24T16:23:00.135-0700 debug    [CursorRecorder] Checking if cursor folder/files don't exist yet.
2026-06-24T16:23:00.137-0700 notice   [CursorRecorder] Checked cursor folder/files don't exist yet.
2026-06-24T16:23:00.137-0700 debug    [CursorRecorder] Creating display link. displayId=1
2026-06-24T16:23:00.151-0700 notice   [CursorRecorder] Created display link. displayId=1
2026-06-24T16:23:00.152-0700 debug    [InputRecorder] Checking input monitoring authorization status. id=channel-0-input
2026-06-24T16:23:00.175-0700 notice   [InputRecorder] Input monitoring is authorized. id=channel-0-input
2026-06-24T16:23:00.237-0700 debug    [DisplayRecorder: channel-1-display] Checking if displayID 1 is in Active Displays list id=channel-1-display
2026-06-24T16:23:00.245-0700 debug    [DisplayRecorder: channel-1-display] Creating DisplayRecorderOutput id=channel-1-display
2026-06-24T16:23:00.252-0700 notice   [DisplayRecorder: channel-1-display] Created DisplayRecorderOutput id=channel-1-display output=DisplayRecorderOutput(cropRect: Optional((289.0, 205.0, 1174.0, 642.0)), recordBounds: (289.0, 205.0, 1174.0, 642.0), displayScaleFactor: 2, displayRefreshRate: 120.0, minFrameDuration: CMTime(seconds:0.008333333333333333 timescale:120 value:1 flags:valid), recordingScale: 0.5, assetWriterSettings: polyrecorder.AssetWriterSettings(mediaType: __C.AVMediaType(_rawValue: vide), outputSettings: ["AVVideoScalingModeKey": AVVideoScalingModeResizeAspect, "AVVideoCompressionPropertiesKey": {
    AllowFrameReordering = 1;
    AverageBitRate = 14313608;
    AverageNonDroppableFrameRate = 30;
    ExpectedFrameRate = 120;
    H264EntropyMode = CABAC;
    MaxKeyFrameInterval = 30;
    ProfileLevel = "H264_High_AutoLevel";
}, "AVVideoEncoderSpecificationKey": {
    EnableHardwareAcceleratedVideoEncoder = 1;
}, "AVVideoHeightKey": 1284, "AVVideoWidthKey": 2348, "AVVideoCodecKey": avc1]))
2026-06-24T16:23:00.252-0700 debug    [polyrecorder] Set handler for frameRepeater id=channel-1-display
2026-06-24T16:23:00.252-0700 info     [Polyrecorder] Created conductor with recorders. channels=2 recorders=3
2026-06-24T16:23:00.252-0700 debug    [Polyrecorder] Attaching recorder abortion handler.
2026-06-24T16:23:00.252-0700 notice   [Polyrecorder] Attached recorder abortion handler.
2026-06-24T16:23:00.252-0700 debug    [Polyrecorder] Installing signal handlers on process 69733.
2026-06-24T16:23:00.253-0700 notice   [Polyrecorder] Installed signal handlers on process 69733.
2026-06-24T16:23:00.253-0700 notice   [Polyrecorder] Setup finished.
2026-06-24T16:23:00.253-0700 debug    [Conductor] Starting recording.
2026-06-24T16:23:00.253-0700 debug    [Conductor] Starting latency critical activity.
2026-06-24T16:23:00.254-0700 notice   [Conductor] Started latency critical activity.
2026-06-24T16:23:00.254-0700 debug    [Conductor] Setting up all recorders. recorders=3
2026-06-24T16:23:00.254-0700 debug    [InputRecorder] Starting event monitor. id=channel-0-input
2026-06-24T16:23:00.254-0700 info     [InputRecorder] Event monitor started. id=channel-0-input
2026-06-24T16:23:00.254-0700 notice   [InputRecorder] Setup complete id=channel-0-input
2026-06-24T16:23:00.254-0700 debug    [CursorRecorder] Creating cursor image directory. id=channel-0-cursor url=file:///Users/prakhlin/Library/Application%20Support/Screen%20Studio/Screen%20Studio%20Recordings/Area%202026-06-24%2016:22:58/cursors/
2026-06-24T16:23:00.254-0700 debug    [DisplayRecorder: channel-1-display] Accessing ShareableContent id=channel-1-display
2026-06-24T16:23:00.254-0700 notice   [CursorRecorder] Created cursor image directory. id=channel-0-cursor url=file:///Users/prakhlin/Library/Application%20Support/Screen%20Studio/Screen%20Studio%20Recordings/Area%202026-06-24%2016:22:58/cursors/
2026-06-24T16:23:00.389-0700 notice   [DisplayRecorder: channel-1-display] Received ShareableContent attempt=1 id=channel-1-display restarted=false
2026-06-24T16:23:00.389-0700 debug    [DisplayRecorder: channel-1-display] Creating SCContentFilter from configuration id=channel-1-display
2026-06-24T16:23:00.395-0700 debug    [DisplayRecorder: channel-1-display] Creating SCStream id=channel-1-display streamConfig=SCStreamConfiguration sourceRect:(289.0, 205.0, 1174.0, 642.0) width:2348 height:1284 queueDepth:8
2026-06-24T16:23:00.472-0700 debug    [CursorRecorder] Preloading system cursors. cursors=49 id=channel-0-cursor
2026-06-24T16:23:00.472-0700 notice   [CursorRecorder] Preloaded system cursors. dropped=dropped: (public)columnResize > existing: (public)resizeLeftRight, dropped: (public)rowResize > existing: (public)resizeUpDown, dropped: (private)closedHand > existing: (public)closedHand, dropped: (private)crosshair > existing: (public)crosshair, dropped: (private)genericDrag > existing: (public)arrow, dropped: (private)hand > existing: (public)openHand, dropped: (private)horizontalResize > existing: (public)resizeLeftRight, dropped: (private)overrideHelp > existing: (private)help, dropped: (private)verticalResize > existing: (public)resizeUpDown, dropped: (private)zoomIn > existing: (public)zoomIn, dropped: (private)zoomOut > existing: (public)zoomOut id=channel-0-cursor
2026-06-24T16:23:00.472-0700 debug    [CursorRecorder] Writing preloaded cursors information to disk. count=38 id=channel-0-cursor
2026-06-24T16:23:00.527-0700 notice   [CursorRecorder] Cursor information written to disk. count=38 id=channel-0-cursor
2026-06-24T16:23:00.527-0700 debug    [CursorRecorder] Configuring display link output handler. errorRateLimit=10.0 id=channel-0-cursor
2026-06-24T16:23:00.527-0700 info     [CursorRecorder] Display link output handler configured. errorRateLimit=10.0 id=channel-0-cursor
2026-06-24T16:23:00.527-0700 debug    [CursorRecorder] Setting current display on display link. displayId=1 id=channel-0-cursor
2026-06-24T16:23:00.530-0700 info     [CursorRecorder] Current display on display link set. displayId=1 id=channel-0-cursor
2026-06-24T16:23:00.530-0700 debug    [CursorRecorder] Starting display link. displayId=1 id=channel-0-cursor
2026-06-24T16:23:00.530-0700 notice   [CursorRecorder] Started display link. displayId=1 id=channel-0-cursor
2026-06-24T16:23:00.530-0700 notice   [CursorRecorder] Setup complete id=channel-0-cursor
2026-06-24T16:23:00.544-0700 notice   [CursorRecorder] Refresh rate of current display changed. currentDisplay=1 id=channel-0-cursor refreshRate=120 FPS
2026-06-24T16:23:00.556-0700 notice   [DisplayRecorder: channel-1-display] Created SCStream id=channel-1-display
2026-06-24T16:23:00.556-0700 debug    [DisplayRecorder: channel-1-display] Add StreamOutput to capture screen content id=channel-1-display
2026-06-24T16:23:00.556-0700 debug    [DisplayRecorder: channel-1-display] Enable verbose SCK logging id=channel-1-display
2026-06-24T16:23:00.556-0700 debug    [DisplayRecorder: channel-1-display] Start stream capture id=channel-1-display
2026-06-24T16:23:00.628-0700 notice   [DisplayRecorder: channel-1-display] Started stream capture id=channel-1-display
2026-06-24T16:23:00.628-0700 debug    [DisplayRecorder: channel-1-display] Waiting for ring buffer to have a frame id=channel-1-display
2026-06-24T16:23:00.638-0700 debug    [StreamCoordinator: channel-1-display] Stream did output sample buffer id=channel-1-display isValid=true
2026-06-24T16:23:00.638-0700 debug    [DisplayRecorder: channel-1-display] Checking delta of presentation time stamp to host time clock. framePTS=26700.57092725 hostTime=26700.579291041 id=channel-1-display
2026-06-24T16:23:00.638-0700 notice   [DisplayRecorder: channel-1-display] Trivial delta between presentation time stamp to host time clock, will trust frame PTS. framePTS=26700.57092725 hostTime=26700.579291041 hostTimeDelta=0.008363791 id=channel-1-display
2026-06-24T16:23:00.638-0700 notice   [DisplayRecorder: channel-1-display] Ring buffer has a frame id=channel-1-display
2026-06-24T16:23:00.638-0700 debug    [DisplayRecorder: channel-1-display] Disable verbose SCK logging id=channel-1-display
2026-06-24T16:23:00.638-0700 notice   [DisplayRecorder: channel-1-display] Setup complete id=channel-1-display
2026-06-24T16:23:00.638-0700 notice   [Conductor] Did setup all recorders. recorders=3
2026-06-24T16:23:00.638-0700 debug    [Conductor] Calling prepare on all recorders for session. recorders=3
2026-06-24T16:23:00.638-0700 debug    [DisplayRecorder: channel-1-display] Creating SessionWriter id=channel-1-display
2026-06-24T16:23:00.638-0700 notice   [InputRecorder] Preparing session. id=channel-0-input sessions=0
2026-06-24T16:23:00.638-0700 debug    [SessionWriter: channel-1-display-0] Creating AVAssetWriter id=channel-1-display
2026-06-24T16:23:00.639-0700 notice   [SessionWriter: channel-1-display-0] Created AVAssetWriter id=channel-1-display
2026-06-24T16:23:00.639-0700 debug    [SessionWriter: channel-1-display-0] Add AVAssetWriter.error observation id=channel-1-display
2026-06-24T16:23:00.639-0700 notice   [SessionWriter: channel-1-display-0] Added AVAssetWriter.error observation id=channel-1-display
2026-06-24T16:23:00.639-0700 debug    [SessionWriter: channel-1-display-0] Creating AVAssetWriterInput id=channel-1-display mediaType=AVMediaType(_rawValue: vide) outputSettings=["AVVideoScalingModeKey": AVVideoScalingModeResizeAspect, "AVVideoCompressionPropertiesKey": {
    AllowFrameReordering = 1;
    AverageBitRate = 14313608;
    AverageNonDroppableFrameRate = 30;
    ExpectedFrameRate = 120;
    H264EntropyMode = CABAC;
    MaxKeyFrameInterval = 30;
    ProfileLevel = "H264_High_AutoLevel";
}, "AVVideoEncoderSpecificationKey": {
    EnableHardwareAcceleratedVideoEncoder = 1;
}, "AVVideoHeightKey": 1284, "AVVideoWidthKey": 2348, "AVVideoCodecKey": avc1]
2026-06-24T16:23:00.652-0700 notice   [InputRecorder] Prepared session. id=channel-0-input sessions=1
2026-06-24T16:23:00.792-0700 debug    [SessionWriter: channel-1-display-0] Adding AVAssetWriterInput to AVAssetWriter. id=channel-1-display
2026-06-24T16:23:00.792-0700 notice   [SessionWriter: channel-1-display-0] Added AVAssetWriterInput to AVAssetWriter id=channel-1-display
2026-06-24T16:23:00.832-0700 debug    [DisplayRecorder: channel-1-display] Processing initial samples from buffer. bufferCount=3 id=channel-1-display
2026-06-24T16:23:00.832-0700 notice   [DisplayRecorder: channel-1-display] Processed initial samples from buffer. bufferCount=3 id=channel-1-display
2026-06-24T16:23:00.832-0700 notice   [DisplayRecorder: channel-1-display] Created SessionWriter id=channel-1-display
2026-06-24T16:23:00.832-0700 notice   [Conductor] Called prepare recorders for session. recorders=3
2026-06-24T16:23:00.832-0700 debug    [Conductor] Broadcasting over stdout that all recorders are prepared. recorders=3
2026-06-24T16:23:00.832-0700 notice   [Conductor] Broadcasted over stdout that all recorders are prepared. recorders=3
2026-06-24T16:23:00.833-0700 notice   [SignalHandler] Received SIGCONT.
2026-06-24T16:23:00.833-0700 debug    [Conductor] Resuming recording.
2026-06-24T16:23:00.833-0700 notice   [Conductor] Recording resumed. recordFrom=26700.774666041667
2026-06-24T16:23:00.833-0700 debug    [Conductor] Start async updates for recording.
2026-06-24T16:23:00.833-0700 notice   [Conductor] Started async updates for recording.
2026-06-24T16:23:00.833-0700 debug    [Conductor] Update metadata file.
2026-06-24T16:23:00.836-0700 debug    [polyrecorder] Metadata file updated.
2026-06-24T16:23:00.836-0700 notice   [Conductor] Updated metadata file.
2026-06-24T16:23:00.836-0700 debug    [Conductor] Broadcasting over stdout that session started. recorders=3
2026-06-24T16:23:00.836-0700 notice   [Conductor] Broadcasted over stdout that sessions started. recorders=3
2026-06-24T16:23:00.847-0700 debug    [SessionWriter: channel-1-display-0] Start session on AVAssetWriter id=channel-1-display sessionStart=CMTime(seconds:26700.774666041 timescale:1000000000 value:26700774666041 flags:valid, hasBeenRounded)
2026-06-24T16:23:00.847-0700 notice   [SessionWriter: channel-1-display-0] Started session on AVAssetWriter id=channel-1-display sessionStart=CMTime(seconds:26700.774666041 timescale:1000000000 value:26700774666041 flags:valid, hasBeenRounded)
2026-06-24T16:23:00.847-0700 notice   [SessionWriter: channel-1-display-0] Appending first sample buffer duration=CMTime(seconds:nan timescale:0 value:0 flags:<empty>) id=channel-1-display newPresentationTime=CMTime(seconds:26700.774666041 timescale:1000000000 value:26700774666041 flags:valid, hasBeenRounded) originalDecodeTime=CMTime(seconds:nan timescale:0 value:0 flags:<empty>) originalPresentationTime=CMTime(seconds:26700.7709245 timescale:1000000000 value:26700770924500 flags:valid)
2026-06-24T16:23:00.853-0700 notice   [SessionWriter: channel-1-display-0] Appending second sample buffer duration=CMTime(seconds:nan timescale:0 value:0 flags:<empty>) id=channel-1-display newPresentationTime=CMTime(seconds:26700.787591125 timescale:1000000000 value:26700787591125 flags:valid) originalDecodeTime=CMTime(seconds:nan timescale:0 value:0 flags:<empty>) originalPresentationTime=CMTime(seconds:26700.787591125 timescale:1000000000 value:26700787591125 flags:valid)
2026-06-24T16:23:00.860-0700 debug    [polyrecorder] Metadata file updated.
2026-06-24T16:23:00.894-0700 info     [DiskSpaceInfo] Current disk space update file:///Users/prakhlin/Library/Application%20Support/Screen%20Studio/Screen%20Studio%20Recordings/Area%202026-06-24%2016:22:58, total: 494.38 GB, available: 90.38 GB, availableForImportantUsage: 115.41 GB, availableForOpportunisticUsage: 88.8 GB available=90379395072 availableImportant=115414750121 availableOppertunistic=88797959830 total=494384795648
2026-06-24T16:23:01.015-0700 debug    [InputRecorderSession: 0] Generated mouse move events for cursor changes between mouse moves. after=26700.774666041667 generatedEvents=3 id=channel-0-input session=0 untilIncluding=26700.953097875
2026-06-24T16:23:01.055-0700 debug    [polyrecorder] Metadata file updated.
2026-06-24T16:23:02.238-0700 debug    [SegmentedAssetWriterDelegate] Did output segment data: 698, segmentType:initialization, segmentReport:nil id=channel-1-display
2026-06-24T16:23:02.238-0700 debug    [SegmentedAssetWriterDelegate] Writing segment data: file:///Users/prakhlin/Library/Application%20Support/Screen%20Studio/Screen%20Studio%20Recordings/Area%202026-06-24%2016:22:58/channel-1-display-0-0000.mp4 id=channel-1-display
2026-06-24T16:23:02.240-0700 debug    [polyrecorder] Created playlist writer at file:///Users/prakhlin/Library/Application%20Support/Screen%20Studio/Screen%20Studio%20Recordings/Area%202026-06-24%2016:22:58/channel-1-display-0.m3u8 id=channel-1-display
2026-06-24T16:23:02.240-0700 debug    [SegmentedAssetWriterDelegate] Did output segment data: 123894, segmentType:separable, segmentReport:AVAssetSegmentTrackReport(earliestPresentationTimeStamp:CMTime(seconds:26700.775 timescale:600 value:16020465 flags:valid) duration:CMTime(seconds:1.2383333333333333 timescale:600 value:743 flags:valid) firstVideoSampleInformation:(presentationTimeStamp:CMTime(seconds:26700.775 timescale:600 value:16020465 flags:valid) offset:716 length:23765 isSyncSample:true)) id=channel-1-display
2026-06-24T16:23:02.240-0700 debug    [SegmentedAssetWriterDelegate] Writing segment data: file:///Users/prakhlin/Library/Application%20Support/Screen%20Studio/Screen%20Studio%20Recordings/Area%202026-06-24%2016:22:58/channel-1-display-0-0001.m4s id=channel-1-display
2026-06-24T16:23:02.242-0700 info     [SegmentedAssetWriterDelegate] Appending channel-1-display-0-0001.m4s: CMTime(seconds:26700.775 timescale:600 value:16020465 flags:valid) id=channel-1-display
2026-06-24T16:23:02.676-0700 debug    [InputRecorderSession: 0] Generated mouse move events for cursor changes between mouse moves. after=26702.598092458 generatedEvents=1 id=channel-0-input session=0 untilIncluding=26702.606270625
2026-06-24T16:23:03.846-0700 debug    [InputRecorderSession: 0] Generated mouse move events for cursor changes between mouse moves. after=26703.273026666 generatedEvents=1 id=channel-0-input session=0 untilIncluding=26703.783144708
2026-06-24T16:23:04.091-0700 debug    [SegmentedAssetWriterDelegate] Did output segment data: 129754, segmentType:separable, segmentReport:AVAssetSegmentTrackReport(earliestPresentationTimeStamp:CMTime(seconds:26702.013333333332 timescale:600 value:16021208 flags:valid) duration:CMTime(seconds:1.9916666666666667 timescale:600 value:1195 flags:valid) firstVideoSampleInformation:(presentationTimeStamp:CMTime(seconds:26702.013333333332 timescale:600 value:16021208 flags:valid, hasBeenRounded) offset:344 length:42453 isSyncSample:true)) id=channel-1-display
2026-06-24T16:23:04.091-0700 debug    [SegmentedAssetWriterDelegate] Writing segment data: file:///Users/prakhlin/Library/Application%20Support/Screen%20Studio/Screen%20Studio%20Recordings/Area%202026-06-24%2016:22:58/channel-1-display-0-0002.m4s id=channel-1-display
2026-06-24T16:23:04.095-0700 info     [SegmentedAssetWriterDelegate] Appending channel-1-display-0-0002.m4s: CMTime(seconds:26702.013333333332 timescale:600 value:16021208 flags:valid) id=channel-1-display
2026-06-24T16:23:04.292-0700 debug    [InputRecorderSession: 0] Generated mouse move events for cursor changes between mouse moves. after=26704.194563916 generatedEvents=1 id=channel-0-input session=0 untilIncluding=26704.214987375
2026-06-24T16:23:05.179-0700 debug    [StreamCoordinator: channel-1-display] SCFrameStatus summary for last 5 seconds id=channel-1-display summary=[("complete", 134), ("idle", 225)] total=359
2026-06-24T16:23:05.388-0700 debug    [InputRecorderSession: 0] Generated mouse move events for cursor changes between mouse moves. after=26704.925493041 generatedEvents=1 id=channel-0-input session=0 untilIncluding=26705.328818958
2026-06-24T16:23:06.091-0700 debug    [SegmentedAssetWriterDelegate] Did output segment data: 658929, segmentType:separable, segmentReport:AVAssetSegmentTrackReport(earliestPresentationTimeStamp:CMTime(seconds:26704.005 timescale:600 value:16022403 flags:valid) duration:CMTime(seconds:2.0 timescale:600 value:1200 flags:valid) firstVideoSampleInformation:(presentationTimeStamp:CMTime(seconds:26704.005 timescale:600 value:16022403 flags:valid, hasBeenRounded) offset:1312 length:55665 isSyncSample:true)) id=channel-1-display
2026-06-24T16:23:06.091-0700 debug    [SegmentedAssetWriterDelegate] Writing segment data: file:///Users/prakhlin/Library/Application%20Support/Screen%20Studio/Screen%20Studio%20Recordings/Area%202026-06-24%2016:22:58/channel-1-display-0-0003.m4s id=channel-1-display
2026-06-24T16:23:06.098-0700 info     [SegmentedAssetWriterDelegate] Appending channel-1-display-0-0003.m4s: CMTime(seconds:26704.005 timescale:600 value:16022403 flags:valid) id=channel-1-display
2026-06-24T16:23:06.278-0700 debug    [InputRecorderSession: 0] Generated mouse move events for cursor changes between mouse moves. after=26706.1923725 generatedEvents=1 id=channel-0-input session=0 untilIncluding=26706.201092125
2026-06-24T16:23:07.398-0700 debug    [InputRecorderSession: 0] Generated mouse move events for cursor changes between mouse moves. after=26706.822168166 generatedEvents=1 id=channel-0-input session=0 untilIncluding=26707.338070458
2026-06-24T16:23:07.618-0700 debug    [InputRecorderSession: 0] Generated mouse move events for cursor changes between mouse moves. after=26707.535093333 generatedEvents=1 id=channel-0-input session=0 untilIncluding=26707.551979541
2026-06-24T16:23:07.801-0700 debug    [InputRecorderSession: 0] Generated mouse move events for cursor changes between mouse moves. after=26707.727685166 generatedEvents=1 id=channel-0-input session=0 untilIncluding=26707.740933958
2026-06-24T16:23:07.820-0700 debug    [InputRecorderSession: 0] Generated mouse move events for cursor changes between mouse moves. after=26707.743312833 generatedEvents=1 id=channel-0-input session=0 untilIncluding=26707.751657958
2026-06-24T16:23:07.936-0700 debug    [InputRecorderSession: 0] Generated mouse move events for cursor changes between mouse moves. after=26707.856136166 generatedEvents=1 id=channel-0-input session=0 untilIncluding=26707.873488458
2026-06-24T16:23:07.962-0700 debug    [InputRecorderSession: 0] Generated mouse move events for cursor changes between mouse moves. after=26707.888321125 generatedEvents=1 id=channel-0-input session=0 untilIncluding=26707.902122083
2026-06-24T16:23:08.092-0700 debug    [SegmentedAssetWriterDelegate] Did output segment data: 727621, segmentType:separable, segmentReport:AVAssetSegmentTrackReport(earliestPresentationTimeStamp:CMTime(seconds:26706.005 timescale:600 value:16023603 flags:valid) duration:CMTime(seconds:2.0 timescale:600 value:1200 flags:valid) firstVideoSampleInformation:(presentationTimeStamp:CMTime(seconds:26706.005 timescale:600 value:16023603 flags:valid, hasBeenRounded) offset:1304 length:64141 isSyncSample:true)) id=channel-1-display
2026-06-24T16:23:08.092-0700 debug    [SegmentedAssetWriterDelegate] Writing segment data: file:///Users/prakhlin/Library/Application%20Support/Screen%20Studio/Screen%20Studio%20Recordings/Area%202026-06-24%2016:22:58/channel-1-display-0-0004.m4s id=channel-1-display
2026-06-24T16:23:08.099-0700 info     [SegmentedAssetWriterDelegate] Appending channel-1-display-0-0004.m4s: CMTime(seconds:26706.005 timescale:600 value:16023603 flags:valid) id=channel-1-display
2026-06-24T16:23:09.237-0700 debug    [InputRecorderSession: 0] Generated mouse move events for cursor changes between mouse moves. after=26708.022779875 generatedEvents=1 id=channel-0-input session=0 untilIncluding=26709.175341708
2026-06-24T16:23:09.994-0700 debug    [InputRecorderSession: 0] Generated mouse move events for cursor changes between mouse moves. after=26709.9183865 generatedEvents=2 id=channel-0-input session=0 untilIncluding=26709.934097666
2026-06-24T16:23:10.082-0700 debug    [InputRecorderSession: 0] Generated mouse move events for cursor changes between mouse moves. after=26710.015475708 generatedEvents=1 id=channel-0-input session=0 untilIncluding=26710.023050416
2026-06-24T16:23:10.101-0700 debug    [InputRecorderSession: 0] Generated mouse move events for cursor changes between mouse moves. after=26710.023050416 generatedEvents=1 id=channel-0-input session=0 untilIncluding=26710.032984333
2026-06-24T16:23:10.105-0700 debug    [InputRecorderSession: 0] Generated mouse move events for cursor changes between mouse moves. after=26710.032984333 generatedEvents=1 id=channel-0-input session=0 untilIncluding=26710.045549083
2026-06-24T16:23:10.146-0700 debug    [SegmentedAssetWriterDelegate] Did output segment data: 425572, segmentType:separable, segmentReport:AVAssetSegmentTrackReport(earliestPresentationTimeStamp:CMTime(seconds:26708.005 timescale:600 value:16024803 flags:valid) duration:CMTime(seconds:2.0416666666666665 timescale:600 value:1225 flags:valid) firstVideoSampleInformation:(presentationTimeStamp:CMTime(seconds:26708.005 timescale:600 value:16024803 flags:valid, hasBeenRounded) offset:748 length:93614 isSyncSample:true)) id=channel-1-display
2026-06-24T16:23:10.146-0700 debug    [SegmentedAssetWriterDelegate] Writing segment data: file:///Users/prakhlin/Library/Application%20Support/Screen%20Studio/Screen%20Studio%20Recordings/Area%202026-06-24%2016:22:58/channel-1-display-0-0005.m4s id=channel-1-display
2026-06-24T16:23:10.149-0700 info     [SegmentedAssetWriterDelegate] Appending channel-1-display-0-0005.m4s: CMTime(seconds:26708.005 timescale:600 value:16024803 flags:valid) id=channel-1-display
2026-06-24T16:23:10.180-0700 debug    [StreamCoordinator: channel-1-display] SCFrameStatus summary for last 5 seconds id=channel-1-display summary=[("complete", 217), ("idle", 210)] total=427
2026-06-24T16:23:10.398-0700 debug    [InputRecorderSession: 0] Generated mouse move events for cursor changes between mouse moves. after=26710.332982416 generatedEvents=1 id=channel-0-input session=0 untilIncluding=26710.338795541
2026-06-24T16:23:10.419-0700 debug    [InputRecorderSession: 0] Generated mouse move events for cursor changes between mouse moves. after=26710.338795541 generatedEvents=1 id=channel-0-input session=0 untilIncluding=26710.346190125
2026-06-24T16:23:11.091-0700 notice   [SignalHandler] Received SIGTERM.
2026-06-24T16:23:11.091-0700 warning  [Conductor] Pausing the recording to be able to stop.
2026-06-24T16:23:11.091-0700 debug    [Conductor] Pausing recording.
2026-06-24T16:23:11.091-0700 notice   [Conductor] Recording paused. recordUntil=26711.032592458334
2026-06-24T16:23:11.091-0700 debug    [Conductor] Stopping recording.
2026-06-24T16:23:11.091-0700 debug    [Conductor] Cleaning up recorders. recorders=3
2026-06-24T16:23:11.091-0700 debug    [CursorRecorder] Stopping display link. id=channel-0-cursor
2026-06-24T16:23:11.091-0700 debug    [InputRecorder] Stopping event monitor. id=channel-0-input
2026-06-24T16:23:11.091-0700 debug    [DisplayRecorder: channel-1-display] Completing all session writers id=channel-1-display sessionWriters.count=1
2026-06-24T16:23:11.091-0700 debug    [SessionWriter: channel-1-display-0] Starting new recording completion task id=channel-1-display
2026-06-24T16:23:11.091-0700 notice   [InputRecorder] Stopped eventTapForEvents. id=channel-0-input
2026-06-24T16:23:11.091-0700 info     [InputRecorder] Event monitor stopped. id=channel-0-input
2026-06-24T16:23:11.091-0700 debug    [InputRecorder] Finishing sessions. id=channel-0-input
2026-06-24T16:23:11.091-0700 debug    [InputRecorderSession: 0] Generating mouse move events for stationary cursor changes at end of session. id=channel-0-input session=0
2026-06-24T16:23:11.091-0700 notice   [CursorRecorder] Stopped display link. id=channel-0-cursor
2026-06-24T16:23:11.092-0700 debug    [polyrecorder] Closing streaming JSON file. fileUrl=file:///Users/prakhlin/Library/Application%20Support/Screen%20Studio/Screen%20Studio%20Recordings/Area%202026-06-24%2016:22:58/cursors.json
2026-06-24T16:23:11.091-0700 debug    [SessionWriter: channel-1-display-0] Completing recording. id=channel-1-display
2026-06-24T16:23:11.091-0700 notice   [InputRecorderSession: 0] Generated mouse move events for stationary cursor changes at end of session. after=26711.014283291 generatedEvents=0 id=channel-0-input session=0 untilIncluding=26711.032592458334
2026-06-24T16:23:11.092-0700 debug    [polyrecorder] Closing streaming JSON file. fileUrl=file:///Users/prakhlin/Library/Application%20Support/Screen%20Studio/Screen%20Studio%20Recordings/Area%202026-06-24%2016:22:58/mousemoves-0.json id=channel-0-input
2026-06-24T16:23:11.092-0700 debug    [SessionWriter: channel-1-display-0] Waiting for final frames. id=channel-1-display
2026-06-24T16:23:11.092-0700 notice   [SessionWriter: channel-1-display-0] Newer item produced recently, waiting for another second. id=channel-1-display lastItemTime=CMTime(seconds:26711.020790541 timescale:1000000000 value:26711020790541 flags:valid) previousLastItemTime=CMTime(seconds:-inf timescale:0 value:0 flags:valid, negativeInfinity)
2026-06-24T16:23:11.097-0700 info     [polyrecorder] Closed streaming JSON file successfully. fileUrl=file:///Users/prakhlin/Library/Application%20Support/Screen%20Studio/Screen%20Studio%20Recordings/Area%202026-06-24%2016:22:58/mousemoves-0.json id=channel-0-input
2026-06-24T16:23:11.097-0700 debug    [polyrecorder] Closing streaming JSON file. fileUrl=file:///Users/prakhlin/Library/Application%20Support/Screen%20Studio/Screen%20Studio%20Recordings/Area%202026-06-24%2016:22:58/mouseclicks-0.json id=channel-0-input
2026-06-24T16:23:11.098-0700 info     [polyrecorder] Closed streaming JSON file successfully. fileUrl=file:///Users/prakhlin/Library/Application%20Support/Screen%20Studio/Screen%20Studio%20Recordings/Area%202026-06-24%2016:22:58/cursors.json
2026-06-24T16:23:11.098-0700 notice   [CursorRecorder] Cursor information written to disk. count=38 folder=file:///Users/prakhlin/Library/Application%20Support/Screen%20Studio/Screen%20Studio%20Recordings/Area%202026-06-24%2016:22:58/cursors/ id=channel-0-cursor
2026-06-24T16:23:11.100-0700 info     [polyrecorder] Closed streaming JSON file successfully. fileUrl=file:///Users/prakhlin/Library/Application%20Support/Screen%20Studio/Screen%20Studio%20Recordings/Area%202026-06-24%2016:22:58/mouseclicks-0.json id=channel-0-input
2026-06-24T16:23:11.100-0700 debug    [polyrecorder] Closing streaming JSON file. fileUrl=file:///Users/prakhlin/Library/Application%20Support/Screen%20Studio/Screen%20Studio%20Recordings/Area%202026-06-24%2016:22:58/keystrokes-0.json id=channel-0-input
2026-06-24T16:23:11.105-0700 info     [polyrecorder] Closed streaming JSON file successfully. fileUrl=file:///Users/prakhlin/Library/Application%20Support/Screen%20Studio/Screen%20Studio%20Recordings/Area%202026-06-24%2016:22:58/keystrokes-0.json id=channel-0-input
2026-06-24T16:23:11.105-0700 notice   [InputRecorder] Finished writers. id=channel-0-input
2026-06-24T16:23:12.104-0700 notice   [SessionWriter: channel-1-display-0] Waiting for final frames completed. id=channel-1-display systemUptime=26712.044968916667
2026-06-24T16:23:12.104-0700 debug    [SessionWriter: channel-1-display-0] Finishing SessionBoundedRetimer. id=channel-1-display
2026-06-24T16:23:12.104-0700 notice   [SessionWriter: channel-1-display-0] Finished SessionBoundedRetimer. id=channel-1-display
2026-06-24T16:23:12.104-0700 debug    [SessionWriter: channel-1-display-0] Flushing all frames from backpressure buffer. id=channel-1-display itemsInBuffer=0
2026-06-24T16:23:12.104-0700 notice   [SessionWriter: channel-1-display-0] Flushed all frames from backpressure buffer. id=channel-1-display itemsInBuffer=0
2026-06-24T16:23:12.104-0700 debug    [SessionWriter: channel-1-display-0] End session on AVAssetWriter id=channel-1-display sessionEnd=CMTime(seconds:26711.032592458 timescale:1000000000 value:26711032592458 flags:valid, hasBeenRounded)
2026-06-24T16:23:12.104-0700 debug    [SegmentedAssetWriterDelegate] Did output segment data: 53886, segmentType:separable, segmentReport:AVAssetSegmentTrackReport(earliestPresentationTimeStamp:CMTime(seconds:26710.046666666665 timescale:600 value:16026028 flags:valid) duration:CMTime(seconds:0.9983333333333333 timescale:600 value:599 flags:valid) firstVideoSampleInformation:(presentationTimeStamp:CMTime(seconds:26710.046666666665 timescale:600 value:16026028 flags:valid, hasBeenRounded) offset:224 length:51533 isSyncSample:true)) id=channel-1-display
2026-06-24T16:23:12.104-0700 debug    [SegmentedAssetWriterDelegate] Writing segment data: file:///Users/prakhlin/Library/Application%20Support/Screen%20Studio/Screen%20Studio%20Recordings/Area%202026-06-24%2016:22:58/channel-1-display-0-0006.m4s id=channel-1-display
2026-06-24T16:23:12.107-0700 info     [SegmentedAssetWriterDelegate] Appending channel-1-display-0-0006.m4s: CMTime(seconds:26710.046666666665 timescale:600 value:16026028 flags:valid) id=channel-1-display
2026-06-24T16:23:12.107-0700 notice   [SessionWriter: channel-1-display-0] End session on AVAssetWriter id=channel-1-display sessionEnd=CMTime(seconds:26711.032592458 timescale:1000000000 value:26711032592458 flags:valid, hasBeenRounded)
2026-06-24T16:23:12.107-0700 debug    [SessionWriter: channel-1-display-0] Finishing writing to asset writer. id=channel-1-display
2026-06-24T16:23:12.112-0700 notice   [SessionWriter: channel-1-display-0] Finished writing to assset writer. id=channel-1-display
2026-06-24T16:23:12.112-0700 debug    [SessionWriter: channel-1-display-0] Finishing writing to metadata file. id=channel-1-display
2026-06-24T16:23:12.112-0700 notice   [SessionWriter: channel-1-display-0] Finished writing to metadata file. id=channel-1-display
2026-06-24T16:23:12.112-0700 notice   [SessionWriter: channel-1-display-0] Completed recording, returning metadata. framesProcessed (excluding initial Ring buffer)=384 id=channel-1-display
2026-06-24T16:23:12.112-0700 notice   [DisplayRecorder: channel-1-display] Completed all session writers id=channel-1-display sessionWriters.count=1
2026-06-24T16:23:12.112-0700 debug    [DisplayRecorder: channel-1-display] Stopping stream capture. id=channel-1-display
2026-06-24T16:23:12.124-0700 notice   [DisplayRecorder: channel-1-display] Stopped stream capture. id=channel-1-display
2026-06-24T16:23:12.125-0700 debug    [DisplayRecorder: channel-1-display] Clearing frame timeout. id=channel-1-display
2026-06-24T16:23:12.125-0700 notice   [DisplayRecorder: channel-1-display] Cleared frame timeout. id=channel-1-display
2026-06-24T16:23:12.125-0700 debug    [DisplayRecorder: channel-1-display] Returning Metadata from cleanup id=channel-1-display totalFramesProcessed=392
2026-06-24T16:23:12.125-0700 notice   [Conductor] Finalized recorders. errors=0 metadataCount=3 recorders=3 sessionsCount=1
2026-06-24T16:23:12.125-0700 debug    [Conductor] Writing metadata file. metadataCount=3
2026-06-24T16:23:12.127-0700 debug    [polyrecorder] Metadata file updated.
2026-06-24T16:23:12.127-0700 notice   [Conductor] Metadata file written. metadataCount=3
2026-06-24T16:23:12.127-0700 debug    [Conductor] Ending latency critical activity.
2026-06-24T16:23:12.127-0700 notice   [Conductor] Ended latency critical activity.
2026-06-24T16:23:12.127-0700 notice   [Conductor] Recording stopped. errorCount=0 metadataCount=3 recorders=3
2026-06-24T16:23:12.128-0700 notice   [Conductor] Stopped recording. sessions=[
from:     26700.775  2026-06-24T16:23:00.833-0700
until:    26711.033  2026-06-24T16:23:11.091-0700
duration: 10.258
]
2026-06-24T16:23:12.128-0700 notice   [Polyrecorder] Nominal recording ended.
