2026-06-24T15:12:44.795-0700 notice   [Polyrecorder] Polyrecorder started. appStart=22484.756864000003 modelIdentifier=MacBookPro18,3 operatingSystem=Version 26.3.1 (Build 25D2128) systemLaunch=2026-06-24 15:58:00 +0000 version=2.7.0
2026-06-24T15:12:44.795-0700 notice   [polyrecorder] Connect RecordKit logger to Polyrecorder logger rkLogLevel=debug
2026-06-24T15:12:44.795-0700 debug    [Polyrecorder] Accessing active displays
2026-06-24T15:12:44.858-0700 notice   [Polyrecorder] Active displays: [polyrecorder.DisplayDiscovery.Display(displayID: 1, bounds: polyrecorder.Bounds(x: 0.0, y: 0.0, width: 1512.0, height: 982.0), refreshRate: 120.0, isMain: true, isBuiltin: true), polyrecorder.DisplayDiscovery.Display(displayID: 2, bounds: polyrecorder.Bounds(x: -1030.0, y: -1440.0, width: 3440.0, height: 1440.0), refreshRate: 100.0, isMain: false, isBuiltin: false)]
2026-06-24T15:12:44.858-0700 notice   [Polyrecorder] Thermal state at startup. thermalState=nominal
2026-06-24T15:12:44.859-0700 debug    [Polyrecorder] Validating configuration.
2026-06-24T15:12:44.859-0700 notice   [Polyrecorder] Configuration validated: {
  "outputDirectory" : "\/Users\/prakhlin\/Library\/Application Support\/Screen Studio\/Screen Studio Recordings\/Area 2026-06-24 15:12:44",
  "logLevel" : "debug",
  "channels" : [
    {
      "type" : "input",
      "captureKeyStrokes" : true
    },
    {
      "type" : "display",
      "displayId" : 1,
      "excludeFinderDesktopIcons" : false,
      "excludedWindowIds" : [
        3541,
        3544,
        3549,
        3550
      ],
      "cropRect" : {
        "height" : 642,
        "width" : 1174,
        "x" : 289,
        "yAxis" : "topBasedIncreasingDownwards",
        "y" : 205
      }
    }
  ]
}
2026-06-24T15:12:44.859-0700 debug    [Polyrecorder] Creating output directory. url=file:///Users/prakhlin/Library/Application%20Support/Screen%20Studio/Screen%20Studio%20Recordings/Area%202026-06-24%2015:12:44
2026-06-24T15:12:44.859-0700 notice   [Polyrecorder] Created output directory. url=file:///Users/prakhlin/Library/Application%20Support/Screen%20Studio/Screen%20Studio%20Recordings/Area%202026-06-24%2015:12:44
2026-06-24T15:12:44.860-0700 debug    [Polyrecorder] Redirecting logs to file. url=file:///Users/prakhlin/Library/Application%20Support/Screen%20Studio/Screen%20Studio%20Recordings/Area%202026-06-24%2015:12:44/polyrecorder.log
2026-06-24T15:12:44.861-0700 notice   [Polyrecorder] Redirected logs to file. url=file:///Users/prakhlin/Library/Application%20Support/Screen%20Studio/Screen%20Studio%20Recordings/Area%202026-06-24%2015:12:44/polyrecorder.log
2026-06-24T15:12:44.861-0700 debug    [Polyrecorder] Attaching uncaught exception handler.
2026-06-24T15:12:44.861-0700 notice   [Polyrecorder] Attached uncaught exception handler.
2026-06-24T15:12:44.861-0700 debug    [Polyrecorder] Enabling DAL devices...
2026-06-24T15:12:44.909-0700 notice   [Polyrecorder] Enabled DAL devices.
2026-06-24T15:12:44.909-0700 debug    [Polyrecorder] Creating conductor with recorders. channels=2
2026-06-24T15:12:44.909-0700 debug    [CursorRecorder] Checking if cursor folder/files don't exist yet.
2026-06-24T15:12:44.911-0700 notice   [CursorRecorder] Checked cursor folder/files don't exist yet.
2026-06-24T15:12:44.911-0700 debug    [CursorRecorder] Creating display link. displayId=1
2026-06-24T15:12:44.925-0700 notice   [CursorRecorder] Created display link. displayId=1
2026-06-24T15:12:44.925-0700 debug    [InputRecorder] Checking input monitoring authorization status. id=channel-0-input
2026-06-24T15:12:44.944-0700 notice   [InputRecorder] Input monitoring is authorized. id=channel-0-input
2026-06-24T15:12:44.973-0700 debug    [DisplayRecorder: channel-1-display] Checking if displayID 1 is in Active Displays list id=channel-1-display
2026-06-24T15:12:44.974-0700 debug    [DisplayRecorder: channel-1-display] Creating DisplayRecorderOutput id=channel-1-display
2026-06-24T15:12:44.979-0700 notice   [DisplayRecorder: channel-1-display] Created DisplayRecorderOutput id=channel-1-display output=DisplayRecorderOutput(cropRect: Optional((289.0, 205.0, 1174.0, 642.0)), recordBounds: (289.0, 205.0, 1174.0, 642.0), displayScaleFactor: 2, displayRefreshRate: 120.0, minFrameDuration: CMTime(seconds:0.008333333333333333 timescale:120 value:1 flags:valid), recordingScale: 0.5, assetWriterSettings: polyrecorder.AssetWriterSettings(mediaType: __C.AVMediaType(_rawValue: vide), outputSettings: ["AVVideoCodecKey": avc1, "AVVideoWidthKey": 2348, "AVVideoHeightKey": 1284, "AVVideoEncoderSpecificationKey": {
    EnableHardwareAcceleratedVideoEncoder = 1;
}, "AVVideoCompressionPropertiesKey": {
    AllowFrameReordering = 1;
    AverageBitRate = 14313608;
    AverageNonDroppableFrameRate = 30;
    ExpectedFrameRate = 120;
    H264EntropyMode = CABAC;
    MaxKeyFrameInterval = 30;
    ProfileLevel = "H264_High_AutoLevel";
}, "AVVideoScalingModeKey": AVVideoScalingModeResizeAspect]))
2026-06-24T15:12:44.979-0700 debug    [polyrecorder] Set handler for frameRepeater id=channel-1-display
2026-06-24T15:12:44.979-0700 info     [Polyrecorder] Created conductor with recorders. channels=2 recorders=3
2026-06-24T15:12:44.979-0700 debug    [Polyrecorder] Attaching recorder abortion handler.
2026-06-24T15:12:44.979-0700 notice   [Polyrecorder] Attached recorder abortion handler.
2026-06-24T15:12:44.979-0700 debug    [Polyrecorder] Installing signal handlers on process 16070.
2026-06-24T15:12:44.979-0700 notice   [Polyrecorder] Installed signal handlers on process 16070.
2026-06-24T15:12:44.979-0700 notice   [Polyrecorder] Setup finished.
2026-06-24T15:12:44.979-0700 debug    [Conductor] Starting recording.
2026-06-24T15:12:44.979-0700 debug    [Conductor] Starting latency critical activity.
2026-06-24T15:12:44.980-0700 notice   [Conductor] Started latency critical activity.
2026-06-24T15:12:44.980-0700 debug    [Conductor] Setting up all recorders. recorders=3
2026-06-24T15:12:44.980-0700 debug    [InputRecorder] Starting event monitor. id=channel-0-input
2026-06-24T15:12:44.980-0700 debug    [DisplayRecorder: channel-1-display] Accessing ShareableContent id=channel-1-display
2026-06-24T15:12:44.980-0700 debug    [CursorRecorder] Creating cursor image directory. id=channel-0-cursor url=file:///Users/prakhlin/Library/Application%20Support/Screen%20Studio/Screen%20Studio%20Recordings/Area%202026-06-24%2015:12:44/cursors/
2026-06-24T15:12:44.980-0700 info     [InputRecorder] Event monitor started. id=channel-0-input
2026-06-24T15:12:44.980-0700 notice   [InputRecorder] Setup complete id=channel-0-input
2026-06-24T15:12:44.980-0700 notice   [CursorRecorder] Created cursor image directory. id=channel-0-cursor url=file:///Users/prakhlin/Library/Application%20Support/Screen%20Studio/Screen%20Studio%20Recordings/Area%202026-06-24%2015:12:44/cursors/
2026-06-24T15:12:45.084-0700 notice   [DisplayRecorder: channel-1-display] Received ShareableContent attempt=1 id=channel-1-display restarted=false
2026-06-24T15:12:45.084-0700 debug    [DisplayRecorder: channel-1-display] Creating SCContentFilter from configuration id=channel-1-display
2026-06-24T15:12:45.089-0700 debug    [DisplayRecorder: channel-1-display] Creating SCStream id=channel-1-display streamConfig=SCStreamConfiguration sourceRect:(289.0, 205.0, 1174.0, 642.0) width:2348 height:1284 queueDepth:8
2026-06-24T15:12:45.199-0700 debug    [CursorRecorder] Preloading system cursors. cursors=49 id=channel-0-cursor
2026-06-24T15:12:45.199-0700 notice   [CursorRecorder] Preloaded system cursors. dropped=dropped: (public)columnResize > existing: (public)resizeLeftRight, dropped: (public)rowResize > existing: (public)resizeUpDown, dropped: (private)closedHand > existing: (public)closedHand, dropped: (private)crosshair > existing: (public)crosshair, dropped: (private)genericDrag > existing: (public)arrow, dropped: (private)hand > existing: (public)openHand, dropped: (private)horizontalResize > existing: (public)resizeLeftRight, dropped: (private)overrideHelp > existing: (private)help, dropped: (private)verticalResize > existing: (public)resizeUpDown, dropped: (private)zoomIn > existing: (public)zoomIn, dropped: (private)zoomOut > existing: (public)zoomOut id=channel-0-cursor
2026-06-24T15:12:45.199-0700 debug    [CursorRecorder] Writing preloaded cursors information to disk. count=38 id=channel-0-cursor
2026-06-24T15:12:45.242-0700 notice   [CursorRecorder] Cursor information written to disk. count=38 id=channel-0-cursor
2026-06-24T15:12:45.242-0700 debug    [CursorRecorder] Configuring display link output handler. errorRateLimit=10.0 id=channel-0-cursor
2026-06-24T15:12:45.242-0700 info     [CursorRecorder] Display link output handler configured. errorRateLimit=10.0 id=channel-0-cursor
2026-06-24T15:12:45.242-0700 debug    [CursorRecorder] Setting current display on display link. displayId=1 id=channel-0-cursor
2026-06-24T15:12:45.244-0700 info     [CursorRecorder] Current display on display link set. displayId=1 id=channel-0-cursor
2026-06-24T15:12:45.244-0700 debug    [CursorRecorder] Starting display link. displayId=1 id=channel-0-cursor
2026-06-24T15:12:45.244-0700 notice   [CursorRecorder] Started display link. displayId=1 id=channel-0-cursor
2026-06-24T15:12:45.244-0700 notice   [CursorRecorder] Setup complete id=channel-0-cursor
2026-06-24T15:12:45.247-0700 notice   [DisplayRecorder: channel-1-display] Created SCStream id=channel-1-display
2026-06-24T15:12:45.247-0700 debug    [DisplayRecorder: channel-1-display] Add StreamOutput to capture screen content id=channel-1-display
2026-06-24T15:12:45.247-0700 debug    [DisplayRecorder: channel-1-display] Enable verbose SCK logging id=channel-1-display
2026-06-24T15:12:45.247-0700 debug    [DisplayRecorder: channel-1-display] Start stream capture id=channel-1-display
2026-06-24T15:12:45.253-0700 notice   [CursorRecorder] Refresh rate of current display changed. currentDisplay=1 id=channel-0-cursor refreshRate=120 FPS
2026-06-24T15:12:45.333-0700 notice   [DisplayRecorder: channel-1-display] Started stream capture id=channel-1-display
2026-06-24T15:12:45.333-0700 debug    [DisplayRecorder: channel-1-display] Waiting for ring buffer to have a frame id=channel-1-display
2026-06-24T15:12:45.356-0700 debug    [StreamCoordinator: channel-1-display] Stream did output sample buffer id=channel-1-display isValid=true
2026-06-24T15:12:45.356-0700 debug    [DisplayRecorder: channel-1-display] Checking delta of presentation time stamp to host time clock. framePTS=22485.309063833 hostTime=22485.326376208 id=channel-1-display
2026-06-24T15:12:45.356-0700 notice   [DisplayRecorder: channel-1-display] Trivial delta between presentation time stamp to host time clock, will trust frame PTS. framePTS=22485.309063833 hostTime=22485.326376208 hostTimeDelta=0.017312375 id=channel-1-display
2026-06-24T15:12:45.357-0700 notice   [DisplayRecorder: channel-1-display] Ring buffer has a frame id=channel-1-display
2026-06-24T15:12:45.357-0700 debug    [DisplayRecorder: channel-1-display] Disable verbose SCK logging id=channel-1-display
2026-06-24T15:12:45.357-0700 notice   [DisplayRecorder: channel-1-display] Setup complete id=channel-1-display
2026-06-24T15:12:45.357-0700 notice   [Conductor] Did setup all recorders. recorders=3
2026-06-24T15:12:45.357-0700 debug    [Conductor] Calling prepare on all recorders for session. recorders=3
2026-06-24T15:12:45.357-0700 notice   [InputRecorder] Preparing session. id=channel-0-input sessions=0
2026-06-24T15:12:45.357-0700 debug    [DisplayRecorder: channel-1-display] Creating SessionWriter id=channel-1-display
2026-06-24T15:12:45.357-0700 debug    [SessionWriter: channel-1-display-0] Creating AVAssetWriter id=channel-1-display
2026-06-24T15:12:45.358-0700 notice   [SessionWriter: channel-1-display-0] Created AVAssetWriter id=channel-1-display
2026-06-24T15:12:45.358-0700 debug    [SessionWriter: channel-1-display-0] Add AVAssetWriter.error observation id=channel-1-display
2026-06-24T15:12:45.358-0700 notice   [SessionWriter: channel-1-display-0] Added AVAssetWriter.error observation id=channel-1-display
2026-06-24T15:12:45.358-0700 debug    [SessionWriter: channel-1-display-0] Creating AVAssetWriterInput id=channel-1-display mediaType=AVMediaType(_rawValue: vide) outputSettings=["AVVideoCodecKey": avc1, "AVVideoWidthKey": 2348, "AVVideoHeightKey": 1284, "AVVideoEncoderSpecificationKey": {
    EnableHardwareAcceleratedVideoEncoder = 1;
}, "AVVideoCompressionPropertiesKey": {
    AllowFrameReordering = 1;
    AverageBitRate = 14313608;
    AverageNonDroppableFrameRate = 30;
    ExpectedFrameRate = 120;
    H264EntropyMode = CABAC;
    MaxKeyFrameInterval = 30;
    ProfileLevel = "H264_High_AutoLevel";
}, "AVVideoScalingModeKey": AVVideoScalingModeResizeAspect]
2026-06-24T15:12:45.367-0700 notice   [InputRecorder] Prepared session. id=channel-0-input sessions=1
2026-06-24T15:12:45.484-0700 debug    [SessionWriter: channel-1-display-0] Adding AVAssetWriterInput to AVAssetWriter. id=channel-1-display
2026-06-24T15:12:45.484-0700 notice   [SessionWriter: channel-1-display-0] Added AVAssetWriterInput to AVAssetWriter id=channel-1-display
2026-06-24T15:12:45.534-0700 debug    [DisplayRecorder: channel-1-display] Processing initial samples from buffer. bufferCount=3 id=channel-1-display
2026-06-24T15:12:45.534-0700 notice   [DisplayRecorder: channel-1-display] Processed initial samples from buffer. bufferCount=3 id=channel-1-display
2026-06-24T15:12:45.534-0700 notice   [DisplayRecorder: channel-1-display] Created SessionWriter id=channel-1-display
2026-06-24T15:12:45.534-0700 notice   [Conductor] Called prepare recorders for session. recorders=3
2026-06-24T15:12:45.534-0700 debug    [Conductor] Broadcasting over stdout that all recorders are prepared. recorders=3
2026-06-24T15:12:45.534-0700 notice   [Conductor] Broadcasted over stdout that all recorders are prepared. recorders=3
2026-06-24T15:12:45.536-0700 notice   [SignalHandler] Received SIGCONT.
2026-06-24T15:12:45.536-0700 debug    [Conductor] Resuming recording.
2026-06-24T15:12:45.536-0700 notice   [Conductor] Recording resumed. recordFrom=22485.506401916668
2026-06-24T15:12:45.536-0700 debug    [Conductor] Start async updates for recording.
2026-06-24T15:12:45.536-0700 notice   [Conductor] Started async updates for recording.
2026-06-24T15:12:45.536-0700 debug    [Conductor] Update metadata file.
2026-06-24T15:12:45.539-0700 debug    [polyrecorder] Metadata file updated.
2026-06-24T15:12:45.539-0700 notice   [Conductor] Updated metadata file.
2026-06-24T15:12:45.539-0700 debug    [Conductor] Broadcasting over stdout that session started. recorders=3
2026-06-24T15:12:45.539-0700 notice   [Conductor] Broadcasted over stdout that sessions started. recorders=3
2026-06-24T15:12:45.540-0700 debug    [SessionWriter: channel-1-display-0] Start session on AVAssetWriter id=channel-1-display sessionStart=CMTime(seconds:22485.506401916 timescale:1000000000 value:22485506401916 flags:valid, hasBeenRounded)
2026-06-24T15:12:45.540-0700 notice   [SessionWriter: channel-1-display-0] Started session on AVAssetWriter id=channel-1-display sessionStart=CMTime(seconds:22485.506401916 timescale:1000000000 value:22485506401916 flags:valid, hasBeenRounded)
2026-06-24T15:12:45.540-0700 notice   [SessionWriter: channel-1-display-0] Appending first sample buffer duration=CMTime(seconds:nan timescale:0 value:0 flags:<empty>) id=channel-1-display newPresentationTime=CMTime(seconds:22485.506401916 timescale:1000000000 value:22485506401916 flags:valid, hasBeenRounded) originalDecodeTime=CMTime(seconds:nan timescale:0 value:0 flags:<empty>) originalPresentationTime=CMTime(seconds:22485.492394833 timescale:1000000000 value:22485492394833 flags:valid)
2026-06-24T15:12:45.547-0700 notice   [SessionWriter: channel-1-display-0] Appending second sample buffer duration=CMTime(seconds:nan timescale:0 value:0 flags:<empty>) id=channel-1-display newPresentationTime=CMTime(seconds:22485.509061166 timescale:1000000000 value:22485509061166 flags:valid) originalDecodeTime=CMTime(seconds:nan timescale:0 value:0 flags:<empty>) originalPresentationTime=CMTime(seconds:22485.509061166 timescale:1000000000 value:22485509061166 flags:valid)
2026-06-24T15:12:45.548-0700 debug    [polyrecorder] Metadata file updated.
2026-06-24T15:12:45.582-0700 info     [DiskSpaceInfo] Current disk space update file:///Users/prakhlin/Library/Application%20Support/Screen%20Studio/Screen%20Studio%20Recordings/Area%202026-06-24%2015:12:44, total: 494.38 GB, available: 87.99 GB, availableForImportantUsage: 113.02 GB, availableForOpportunisticUsage: 86.41 GB available=87986905088 availableImportant=113019982761 availableOppertunistic=86405400214 total=494384795648
2026-06-24T15:12:45.583-0700 debug    [polyrecorder] Metadata file updated.
2026-06-24T15:12:45.823-0700 debug    [InputRecorderSession: 0] Generated mouse move events for cursor changes between mouse moves. after=22485.564747166 generatedEvents=1 id=channel-0-input session=0 untilIncluding=22485.792468375
2026-06-24T15:12:46.071-0700 debug    [SegmentedAssetWriterDelegate] Did output segment data: 698, segmentType:initialization, segmentReport:nil id=channel-1-display
2026-06-24T15:12:46.071-0700 debug    [SegmentedAssetWriterDelegate] Writing segment data: file:///Users/prakhlin/Library/Application%20Support/Screen%20Studio/Screen%20Studio%20Recordings/Area%202026-06-24%2015:12:44/channel-1-display-0-0000.mp4 id=channel-1-display
2026-06-24T15:12:46.074-0700 debug    [polyrecorder] Created playlist writer at file:///Users/prakhlin/Library/Application%20Support/Screen%20Studio/Screen%20Studio%20Recordings/Area%202026-06-24%2015:12:44/channel-1-display-0.m3u8 id=channel-1-display
2026-06-24T15:12:46.075-0700 debug    [SegmentedAssetWriterDelegate] Did output segment data: 61696, segmentType:separable, segmentReport:AVAssetSegmentTrackReport(earliestPresentationTimeStamp:CMTime(seconds:22485.506666666668 timescale:600 value:13491304 flags:valid) duration:CMTime(seconds:0.5033333333333333 timescale:600 value:302 flags:valid) firstVideoSampleInformation:(presentationTimeStamp:CMTime(seconds:22485.506666666668 timescale:600 value:13491304 flags:valid) offset:468 length:23916 isSyncSample:true)) id=channel-1-display
2026-06-24T15:12:46.075-0700 debug    [SegmentedAssetWriterDelegate] Writing segment data: file:///Users/prakhlin/Library/Application%20Support/Screen%20Studio/Screen%20Studio%20Recordings/Area%202026-06-24%2015:12:44/channel-1-display-0-0001.m4s id=channel-1-display
2026-06-24T15:12:46.075-0700 info     [SegmentedAssetWriterDelegate] Appending channel-1-display-0-0001.m4s: CMTime(seconds:22485.506666666668 timescale:600 value:13491304 flags:valid) id=channel-1-display
2026-06-24T15:12:47.096-0700 debug    [InputRecorderSession: 0] Generated mouse move events for cursor changes between mouse moves. after=22487.04260625 generatedEvents=1 id=channel-0-input session=0 untilIncluding=22487.059629166
2026-06-24T15:12:47.879-0700 debug    [InputRecorderSession: 0] Generated mouse move events for cursor changes between mouse moves. after=22487.833281583 generatedEvents=1 id=channel-0-input session=0 untilIncluding=22487.841721375
2026-06-24T15:12:48.071-0700 debug    [SegmentedAssetWriterDelegate] Did output segment data: 255384, segmentType:separable, segmentReport:AVAssetSegmentTrackReport(earliestPresentationTimeStamp:CMTime(seconds:22486.01 timescale:600 value:13491606 flags:valid) duration:CMTime(seconds:2.0 timescale:600 value:1200 flags:valid) firstVideoSampleInformation:(presentationTimeStamp:CMTime(seconds:22486.01 timescale:600 value:13491606 flags:valid, hasBeenRounded) offset:1304 length:37446 isSyncSample:true)) id=channel-1-display
2026-06-24T15:12:48.071-0700 debug    [SegmentedAssetWriterDelegate] Writing segment data: file:///Users/prakhlin/Library/Application%20Support/Screen%20Studio/Screen%20Studio%20Recordings/Area%202026-06-24%2015:12:44/channel-1-display-0-0002.m4s id=channel-1-display
2026-06-24T15:12:48.074-0700 info     [SegmentedAssetWriterDelegate] Appending channel-1-display-0-0002.m4s: CMTime(seconds:22486.01 timescale:600 value:13491606 flags:valid) id=channel-1-display
2026-06-24T15:12:49.573-0700 debug    [InputRecorderSession: 0] Generated mouse move events for cursor changes between mouse moves. after=22489.528299833 generatedEvents=1 id=channel-0-input session=0 untilIncluding=22489.54259625
2026-06-24T15:12:49.947-0700 debug    [StreamCoordinator: channel-1-display] SCFrameStatus summary for last 5 seconds id=channel-1-display summary=[("complete", 273), ("idle", 61)] total=334
2026-06-24T15:12:50.072-0700 debug    [SegmentedAssetWriterDelegate] Did output segment data: 230191, segmentType:separable, segmentReport:AVAssetSegmentTrackReport(earliestPresentationTimeStamp:CMTime(seconds:22488.01 timescale:600 value:13492806 flags:valid) duration:CMTime(seconds:2.0 timescale:600 value:1200 flags:valid) firstVideoSampleInformation:(presentationTimeStamp:CMTime(seconds:22488.01 timescale:600 value:13492806 flags:valid, hasBeenRounded) offset:1088 length:48060 isSyncSample:true)) id=channel-1-display
2026-06-24T15:12:50.072-0700 debug    [SegmentedAssetWriterDelegate] Writing segment data: file:///Users/prakhlin/Library/Application%20Support/Screen%20Studio/Screen%20Studio%20Recordings/Area%202026-06-24%2015:12:44/channel-1-display-0-0003.m4s id=channel-1-display
2026-06-24T15:12:50.074-0700 info     [SegmentedAssetWriterDelegate] Appending channel-1-display-0-0003.m4s: CMTime(seconds:22488.01 timescale:600 value:13492806 flags:valid) id=channel-1-display
2026-06-24T15:12:52.098-0700 debug    [SegmentedAssetWriterDelegate] Did output segment data: 381073, segmentType:separable, segmentReport:AVAssetSegmentTrackReport(earliestPresentationTimeStamp:CMTime(seconds:22490.01 timescale:600 value:13494006 flags:valid) duration:CMTime(seconds:2.0 timescale:600 value:1200 flags:valid) firstVideoSampleInformation:(presentationTimeStamp:CMTime(seconds:22490.01 timescale:600 value:13494006 flags:valid, hasBeenRounded) offset:1328 length:52239 isSyncSample:true)) id=channel-1-display
2026-06-24T15:12:52.098-0700 debug    [SegmentedAssetWriterDelegate] Writing segment data: file:///Users/prakhlin/Library/Application%20Support/Screen%20Studio/Screen%20Studio%20Recordings/Area%202026-06-24%2015:12:44/channel-1-display-0-0004.m4s id=channel-1-display
2026-06-24T15:12:52.101-0700 info     [SegmentedAssetWriterDelegate] Appending channel-1-display-0-0004.m4s: CMTime(seconds:22490.01 timescale:600 value:13494006 flags:valid) id=channel-1-display
2026-06-24T15:12:52.592-0700 debug    [InputRecorderSession: 0] Generated mouse move events for cursor changes between mouse moves. after=22489.866011041 generatedEvents=2 id=channel-0-input session=0 untilIncluding=22492.560129416
2026-06-24T15:12:54.098-0700 debug    [SegmentedAssetWriterDelegate] Did output segment data: 582901, segmentType:separable, segmentReport:AVAssetSegmentTrackReport(earliestPresentationTimeStamp:CMTime(seconds:22492.01 timescale:600 value:13495206 flags:valid) duration:CMTime(seconds:2.0 timescale:600 value:1200 flags:valid) firstVideoSampleInformation:(presentationTimeStamp:CMTime(seconds:22492.01 timescale:600 value:13495206 flags:valid, hasBeenRounded) offset:1088 length:53943 isSyncSample:true)) id=channel-1-display
2026-06-24T15:12:54.099-0700 debug    [SegmentedAssetWriterDelegate] Writing segment data: file:///Users/prakhlin/Library/Application%20Support/Screen%20Studio/Screen%20Studio%20Recordings/Area%202026-06-24%2015:12:44/channel-1-display-0-0005.m4s id=channel-1-display
2026-06-24T15:12:54.101-0700 info     [SegmentedAssetWriterDelegate] Appending channel-1-display-0-0005.m4s: CMTime(seconds:22492.01 timescale:600 value:13495206 flags:valid) id=channel-1-display
2026-06-24T15:12:54.947-0700 debug    [StreamCoordinator: channel-1-display] SCFrameStatus summary for last 5 seconds id=channel-1-display summary=[("complete", 300), ("idle", 16)] total=316
2026-06-24T15:12:55.157-0700 debug    [InputRecorderSession: 0] Generated mouse move events for cursor changes between mouse moves. after=22493.061426375 generatedEvents=1 id=channel-0-input session=0 untilIncluding=22495.126307083
2026-06-24T15:12:55.422-0700 debug    [InputRecorderSession: 0] Generated mouse move events for cursor changes between mouse moves. after=22495.36666075 generatedEvents=1 id=channel-0-input session=0 untilIncluding=22495.375614041
2026-06-24T15:12:56.097-0700 debug    [SegmentedAssetWriterDelegate] Did output segment data: 446085, segmentType:separable, segmentReport:AVAssetSegmentTrackReport(earliestPresentationTimeStamp:CMTime(seconds:22494.01 timescale:600 value:13496406 flags:valid) duration:CMTime(seconds:2.0 timescale:600 value:1200 flags:valid) firstVideoSampleInformation:(presentationTimeStamp:CMTime(seconds:22494.01 timescale:600 value:13496406 flags:valid, hasBeenRounded) offset:1088 length:69283 isSyncSample:true)) id=channel-1-display
2026-06-24T15:12:56.098-0700 debug    [SegmentedAssetWriterDelegate] Writing segment data: file:///Users/prakhlin/Library/Application%20Support/Screen%20Studio/Screen%20Studio%20Recordings/Area%202026-06-24%2015:12:44/channel-1-display-0-0006.m4s id=channel-1-display
2026-06-24T15:12:56.100-0700 info     [SegmentedAssetWriterDelegate] Appending channel-1-display-0-0006.m4s: CMTime(seconds:22494.01 timescale:600 value:13496406 flags:valid) id=channel-1-display
2026-06-24T15:12:57.111-0700 debug    [InputRecorderSession: 0] Generated mouse move events for cursor changes between mouse moves. after=22495.542697166 generatedEvents=1 id=channel-0-input session=0 untilIncluding=22497.079846875
2026-06-24T15:12:57.241-0700 debug    [InputRecorderSession: 0] Generated mouse move events for cursor changes between mouse moves. after=22497.179689833 generatedEvents=1 id=channel-0-input session=0 untilIncluding=22497.192572125
2026-06-24T15:12:57.745-0700 debug    [InputRecorderSession: 0] Generated mouse move events for cursor changes between mouse moves. after=22497.695878166 generatedEvents=1 id=channel-0-input session=0 untilIncluding=22497.7093495
2026-06-24T15:12:57.785-0700 debug    [InputRecorderSession: 0] Generated mouse move events for cursor changes between mouse moves. after=22497.732982791 generatedEvents=1 id=channel-0-input session=0 untilIncluding=22497.742876958
2026-06-24T15:12:58.098-0700 debug    [SegmentedAssetWriterDelegate] Did output segment data: 436286, segmentType:separable, segmentReport:AVAssetSegmentTrackReport(earliestPresentationTimeStamp:CMTime(seconds:22496.01 timescale:600 value:13497606 flags:valid) duration:CMTime(seconds:1.9983333333333333 timescale:600 value:1199 flags:valid) firstVideoSampleInformation:(presentationTimeStamp:CMTime(seconds:22496.01 timescale:600 value:13497606 flags:valid, hasBeenRounded) offset:1584 length:70597 isSyncSample:true)) id=channel-1-display
2026-06-24T15:12:58.098-0700 debug    [SegmentedAssetWriterDelegate] Writing segment data: file:///Users/prakhlin/Library/Application%20Support/Screen%20Studio/Screen%20Studio%20Recordings/Area%202026-06-24%2015:12:44/channel-1-display-0-0007.m4s id=channel-1-display
2026-06-24T15:12:58.101-0700 info     [SegmentedAssetWriterDelegate] Appending channel-1-display-0-0007.m4s: CMTime(seconds:22496.01 timescale:600 value:13497606 flags:valid) id=channel-1-display
2026-06-24T15:12:59.622-0700 debug    [InputRecorderSession: 0] Generated mouse move events for cursor changes between mouse moves. after=22498.10920675 generatedEvents=1 id=channel-0-input session=0 untilIncluding=22499.591722208
2026-06-24T15:12:59.931-0700 debug    [InputRecorderSession: 0] Generated mouse move events for cursor changes between mouse moves. after=22499.879214375 generatedEvents=1 id=channel-0-input session=0 untilIncluding=22499.892979333
2026-06-24T15:12:59.948-0700 debug    [StreamCoordinator: channel-1-display] SCFrameStatus summary for last 5 seconds id=channel-1-display summary=[("complete", 300), ("idle", 33)] total=333
2026-06-24T15:13:00.029-0700 debug    [InputRecorderSession: 0] Generated mouse move events for cursor changes between mouse moves. after=22499.987557458 generatedEvents=1 id=channel-0-input session=0 untilIncluding=22499.99516025
2026-06-24T15:13:00.089-0700 debug    [SegmentedAssetWriterDelegate] Did output segment data: 526397, segmentType:separable, segmentReport:AVAssetSegmentTrackReport(earliestPresentationTimeStamp:CMTime(seconds:22498.008333333335 timescale:600 value:13498805 flags:valid) duration:CMTime(seconds:1.9916666666666667 timescale:600 value:1195 flags:valid) firstVideoSampleInformation:(presentationTimeStamp:CMTime(seconds:22498.008333333335 timescale:600 value:13498805 flags:valid, hasBeenRounded) offset:1316 length:65664 isSyncSample:true)) id=channel-1-display
2026-06-24T15:13:00.090-0700 debug    [SegmentedAssetWriterDelegate] Writing segment data: file:///Users/prakhlin/Library/Application%20Support/Screen%20Studio/Screen%20Studio%20Recordings/Area%202026-06-24%2015:12:44/channel-1-display-0-0008.m4s id=channel-1-display
2026-06-24T15:13:00.092-0700 info     [SegmentedAssetWriterDelegate] Appending channel-1-display-0-0008.m4s: CMTime(seconds:22498.008333333335 timescale:600 value:13498805 flags:valid) id=channel-1-display
2026-06-24T15:13:01.181-0700 notice   [SignalHandler] Received SIGTERM.
2026-06-24T15:13:01.181-0700 warning  [Conductor] Pausing the recording to be able to stop.
2026-06-24T15:13:01.181-0700 debug    [Conductor] Pausing recording.
2026-06-24T15:13:01.181-0700 notice   [Conductor] Recording paused. recordUntil=22501.15154829167
2026-06-24T15:13:01.181-0700 debug    [Conductor] Stopping recording.
2026-06-24T15:13:01.181-0700 debug    [Conductor] Cleaning up recorders. recorders=3
2026-06-24T15:13:01.182-0700 debug    [CursorRecorder] Stopping display link. id=channel-0-cursor
2026-06-24T15:13:01.182-0700 debug    [InputRecorder] Stopping event monitor. id=channel-0-input
2026-06-24T15:13:01.182-0700 debug    [DisplayRecorder: channel-1-display] Completing all session writers id=channel-1-display sessionWriters.count=1
2026-06-24T15:13:01.182-0700 notice   [InputRecorder] Stopped eventTapForEvents. id=channel-0-input
2026-06-24T15:13:01.182-0700 info     [InputRecorder] Event monitor stopped. id=channel-0-input
2026-06-24T15:13:01.182-0700 debug    [SessionWriter: channel-1-display-0] Starting new recording completion task id=channel-1-display
2026-06-24T15:13:01.182-0700 notice   [CursorRecorder] Stopped display link. id=channel-0-cursor
2026-06-24T15:13:01.182-0700 debug    [SessionWriter: channel-1-display-0] Completing recording. id=channel-1-display
2026-06-24T15:13:01.182-0700 debug    [InputRecorder] Finishing sessions. id=channel-0-input
2026-06-24T15:13:01.182-0700 debug    [polyrecorder] Closing streaming JSON file. fileUrl=file:///Users/prakhlin/Library/Application%20Support/Screen%20Studio/Screen%20Studio%20Recordings/Area%202026-06-24%2015:12:44/cursors.json
2026-06-24T15:13:01.182-0700 debug    [SessionWriter: channel-1-display-0] Waiting for final frames. id=channel-1-display
2026-06-24T15:13:01.182-0700 debug    [InputRecorderSession: 0] Generating mouse move events for stationary cursor changes at end of session. id=channel-0-input session=0
2026-06-24T15:13:01.182-0700 notice   [InputRecorderSession: 0] Generated mouse move events for stationary cursor changes at end of session. after=22500.817781458 generatedEvents=0 id=channel-0-input session=0 untilIncluding=22501.15154829167
2026-06-24T15:13:01.182-0700 debug    [polyrecorder] Closing streaming JSON file. fileUrl=file:///Users/prakhlin/Library/Application%20Support/Screen%20Studio/Screen%20Studio%20Recordings/Area%202026-06-24%2015:12:44/mousemoves-0.json id=channel-0-input
2026-06-24T15:13:01.182-0700 notice   [SessionWriter: channel-1-display-0] Newer item produced recently, waiting for another second. id=channel-1-display lastItemTime=CMTime(seconds:22501.150514541 timescale:1000000000 value:22501150514541 flags:valid) previousLastItemTime=CMTime(seconds:-inf timescale:0 value:0 flags:valid, negativeInfinity)
2026-06-24T15:13:01.184-0700 info     [polyrecorder] Closed streaming JSON file successfully. fileUrl=file:///Users/prakhlin/Library/Application%20Support/Screen%20Studio/Screen%20Studio%20Recordings/Area%202026-06-24%2015:12:44/cursors.json
2026-06-24T15:13:01.184-0700 info     [polyrecorder] Closed streaming JSON file successfully. fileUrl=file:///Users/prakhlin/Library/Application%20Support/Screen%20Studio/Screen%20Studio%20Recordings/Area%202026-06-24%2015:12:44/mousemoves-0.json id=channel-0-input
2026-06-24T15:13:01.184-0700 debug    [polyrecorder] Closing streaming JSON file. fileUrl=file:///Users/prakhlin/Library/Application%20Support/Screen%20Studio/Screen%20Studio%20Recordings/Area%202026-06-24%2015:12:44/mouseclicks-0.json id=channel-0-input
2026-06-24T15:13:01.184-0700 notice   [CursorRecorder] Cursor information written to disk. count=39 folder=file:///Users/prakhlin/Library/Application%20Support/Screen%20Studio/Screen%20Studio%20Recordings/Area%202026-06-24%2015:12:44/cursors/ id=channel-0-cursor
2026-06-24T15:13:01.186-0700 info     [polyrecorder] Closed streaming JSON file successfully. fileUrl=file:///Users/prakhlin/Library/Application%20Support/Screen%20Studio/Screen%20Studio%20Recordings/Area%202026-06-24%2015:12:44/mouseclicks-0.json id=channel-0-input
2026-06-24T15:13:01.186-0700 debug    [polyrecorder] Closing streaming JSON file. fileUrl=file:///Users/prakhlin/Library/Application%20Support/Screen%20Studio/Screen%20Studio%20Recordings/Area%202026-06-24%2015:12:44/keystrokes-0.json id=channel-0-input
2026-06-24T15:13:01.188-0700 info     [polyrecorder] Closed streaming JSON file successfully. fileUrl=file:///Users/prakhlin/Library/Application%20Support/Screen%20Studio/Screen%20Studio%20Recordings/Area%202026-06-24%2015:12:44/keystrokes-0.json id=channel-0-input
2026-06-24T15:13:01.188-0700 notice   [InputRecorder] Finished writers. id=channel-0-input
2026-06-24T15:13:02.191-0700 notice   [SessionWriter: channel-1-display-0] Waiting for final frames completed. id=channel-1-display systemUptime=22502.16087666667
2026-06-24T15:13:02.191-0700 debug    [SessionWriter: channel-1-display-0] Finishing SessionBoundedRetimer. id=channel-1-display
2026-06-24T15:13:02.191-0700 notice   [SessionWriter: channel-1-display-0] Finished SessionBoundedRetimer. id=channel-1-display
2026-06-24T15:13:02.191-0700 debug    [SessionWriter: channel-1-display-0] Flushing all frames from backpressure buffer. id=channel-1-display itemsInBuffer=0
2026-06-24T15:13:02.191-0700 notice   [SessionWriter: channel-1-display-0] Flushed all frames from backpressure buffer. id=channel-1-display itemsInBuffer=0
2026-06-24T15:13:02.191-0700 debug    [SessionWriter: channel-1-display-0] End session on AVAssetWriter id=channel-1-display sessionEnd=CMTime(seconds:22501.151548291 timescale:1000000000 value:22501151548291 flags:valid, hasBeenRounded)
2026-06-24T15:13:02.192-0700 debug    [SegmentedAssetWriterDelegate] Did output segment data: 167934, segmentType:separable, segmentReport:AVAssetSegmentTrackReport(earliestPresentationTimeStamp:CMTime(seconds:22500.0 timescale:600 value:13500000 flags:valid) duration:CMTime(seconds:1.1533333333333333 timescale:600 value:692 flags:valid) firstVideoSampleInformation:(presentationTimeStamp:CMTime(seconds:22500.0 timescale:600 value:13500000 flags:valid, hasBeenRounded) offset:980 length:52239 isSyncSample:true)) id=channel-1-display
2026-06-24T15:13:02.192-0700 debug    [SegmentedAssetWriterDelegate] Writing segment data: file:///Users/prakhlin/Library/Application%20Support/Screen%20Studio/Screen%20Studio%20Recordings/Area%202026-06-24%2015:12:44/channel-1-display-0-0009.m4s id=channel-1-display
2026-06-24T15:13:02.207-0700 info     [SegmentedAssetWriterDelegate] Appending channel-1-display-0-0009.m4s: CMTime(seconds:22500.0 timescale:600 value:13500000 flags:valid) id=channel-1-display
2026-06-24T15:13:02.207-0700 notice   [SessionWriter: channel-1-display-0] End session on AVAssetWriter id=channel-1-display sessionEnd=CMTime(seconds:22501.151548291 timescale:1000000000 value:22501151548291 flags:valid, hasBeenRounded)
2026-06-24T15:13:02.207-0700 debug    [SessionWriter: channel-1-display-0] Finishing writing to asset writer. id=channel-1-display
2026-06-24T15:13:02.213-0700 notice   [SessionWriter: channel-1-display-0] Finished writing to assset writer. id=channel-1-display
2026-06-24T15:13:02.213-0700 debug    [SessionWriter: channel-1-display-0] Finishing writing to metadata file. id=channel-1-display
2026-06-24T15:13:02.213-0700 notice   [SessionWriter: channel-1-display-0] Finished writing to metadata file. id=channel-1-display
2026-06-24T15:13:02.213-0700 notice   [SessionWriter: channel-1-display-0] Completed recording, returning metadata. framesProcessed (excluding initial Ring buffer)=1001 id=channel-1-display
2026-06-24T15:13:02.213-0700 notice   [DisplayRecorder: channel-1-display] Completed all session writers id=channel-1-display sessionWriters.count=1
2026-06-24T15:13:02.213-0700 debug    [DisplayRecorder: channel-1-display] Stopping stream capture. id=channel-1-display
2026-06-24T15:13:02.223-0700 notice   [DisplayRecorder: channel-1-display] Stopped stream capture. id=channel-1-display
2026-06-24T15:13:02.223-0700 debug    [DisplayRecorder: channel-1-display] Clearing frame timeout. id=channel-1-display
2026-06-24T15:13:02.223-0700 notice   [DisplayRecorder: channel-1-display] Cleared frame timeout. id=channel-1-display
2026-06-24T15:13:02.223-0700 debug    [DisplayRecorder: channel-1-display] Returning Metadata from cleanup id=channel-1-display totalFramesProcessed=1009
2026-06-24T15:13:02.224-0700 notice   [Conductor] Finalized recorders. errors=0 metadataCount=3 recorders=3 sessionsCount=1
2026-06-24T15:13:02.224-0700 debug    [Conductor] Writing metadata file. metadataCount=3
2026-06-24T15:13:02.225-0700 debug    [polyrecorder] Metadata file updated.
2026-06-24T15:13:02.225-0700 notice   [Conductor] Metadata file written. metadataCount=3
2026-06-24T15:13:02.225-0700 debug    [Conductor] Ending latency critical activity.
2026-06-24T15:13:02.225-0700 notice   [Conductor] Ended latency critical activity.
2026-06-24T15:13:02.225-0700 notice   [Conductor] Recording stopped. errorCount=0 metadataCount=3 recorders=3
2026-06-24T15:13:02.225-0700 notice   [Conductor] Stopped recording. sessions=[
from:     22485.506  2026-06-24T15:12:45.536-0700
until:    22501.152  2026-06-24T15:13:01.181-0700
duration: 15.645
]
2026-06-24T15:13:02.225-0700 notice   [Polyrecorder] Nominal recording ended.
